Removed Pin From Net: NetName=EN2_RS485 Pin=U15-4
Removed Pin From Net: NetName=TX2_RS485 Pin=U15-5
Removed Pin From Net: NetName=RX2_RS485 Pin=U15-6
Removed Pin From Net: NetName=EN1_RS485 Pin=U15-9
Removed Pin From Net: NetName=NetLCD1_12 Pin=U15-32
Removed Pin From Net: NetName=NetLCD1_11 Pin=U15-33
Removed Pin From Net: NetName=NetLCD1_6 Pin=U15-34
Removed Pin From Net: NetName=NetLCD1_4 Pin=U15-35
Removed Pin From Net: NetName=3V3_SDA Pin=U15-38
Removed Pin From Net: NetName=3V3_SCL Pin=U15-39
Added Pin To Net: NetName=3V3_SCL Pin=U15-4
Added Pin To Net: NetName=3V3_SDA Pin=U15-5
Added Pin To Net: NetName=NetLCD1_4 Pin=U15-6
Added Pin To Net: NetName=NetLCD1_6 Pin=U15-7
Added Pin To Net: NetName=NetLCD1_11 Pin=U15-8
Added Pin To Net: NetName=NetLCD1_12 Pin=U15-9
Added Pin To Net: NetName=EN1_RS485 Pin=U15-32
Added Pin To Net: NetName=RX2_RS485 Pin=U15-35
Added Pin To Net: NetName=TX2_RS485 Pin=U15-38
Added Pin To Net: NetName=EN2_RS485 Pin=U15-39
