Added Pin To Net: NetName=+3.3V Pin=C1-1
Added Pin To Net: NetName=GND Pin=C1-2
Added Pin To Net: NetName=+3.3V Pin=C2-1
Added Pin To Net: NetName=GND Pin=C2-2
Added Pin To Net: NetName=+5V Pin=C3-1
Added Pin To Net: NetName=GND Pin=C3-2
Added Pin To Net: NetName=+5V Pin=C4-1
Added Pin To Net: NetName=GND Pin=C4-2
Added Pin To Net: NetName=NetC5_1 Pin=C5-1
Added Pin To Net: NetName=NetC5_2 Pin=C5-2
Added Pin To Net: NetName=+VCC Pin=C6-1
Added Pin To Net: NetName=GND Pin=C6-2
Added Pin To Net: NetName=+VCC Pin=C7-1
Added Pin To Net: NetName=GND Pin=C7-2
Added Pin To Net: NetName=+VCC Pin=C8-1
Added Pin To Net: NetName=GND Pin=C8-2
Added Pin To Net: NetName=+5V Pin=C10-1
Added Pin To Net: NetName=GND Pin=C10-2
Added Pin To Net: NetName=+3.3V Pin=C11-1
Added Pin To Net: NetName=GND Pin=C11-2
Added Pin To Net: NetName=+5V Pin=C12-1
Added Pin To Net: NetName=GND Pin=C12-2
Added Pin To Net: NetName=+5V Pin=C13-1
Added Pin To Net: NetName=GND Pin=C13-2
Added Pin To Net: NetName=+5V_RS485 Pin=C14-1
Added Pin To Net: NetName=GND_RS485 Pin=C14-2
Added Pin To Net: NetName=GND Pin=C15-1
Added Pin To Net: NetName=GND_RJ45 Pin=C15-2
Added Pin To Net: NetName=GND Pin=C16-1
Added Pin To Net: NetName=+3.3V Pin=C16-2
Added Pin To Net: NetName=GND Pin=C17-1
Added Pin To Net: NetName=+3.3V Pin=C17-2
Added Pin To Net: NetName=GND Pin=C18-1
Added Pin To Net: NetName=+3.3V_RJ45 Pin=C18-2
Added Pin To Net: NetName=GND Pin=C19-1
Added Pin To Net: NetName=+3.3V_RJ45 Pin=C19-2
Added Pin To Net: NetName=GND Pin=C20-1
Added Pin To Net: NetName=+3.3V_RJ45 Pin=C20-2
Added Pin To Net: NetName=GND Pin=C21-1
Added Pin To Net: NetName=+3.3V_RJ45 Pin=C21-2
Added Pin To Net: NetName=GND Pin=C22-1
Added Pin To Net: NetName=+3.3V_RJ45 Pin=C22-2
Added Pin To Net: NetName=GND Pin=C23-1
Added Pin To Net: NetName=+3.3V_RJ45 Pin=C23-2
Added Pin To Net: NetName=GND Pin=C24-1
Added Pin To Net: NetName=NetC24_2 Pin=C24-2
Added Pin To Net: NetName=GND Pin=C25-1
Added Pin To Net: NetName=NetC25_2 Pin=C25-2
Added Pin To Net: NetName=GND Pin=C26-1
Added Pin To Net: NetName=NetC26_2 Pin=C26-2
Added Pin To Net: NetName=GND Pin=C27-1
Added Pin To Net: NetName=NetC27_2 Pin=C27-2
Added Pin To Net: NetName=GND Pin=C28-1
Added Pin To Net: NetName=CRYSTAL_P Pin=C28-2
Added Pin To Net: NetName=GND Pin=C29-1
Added Pin To Net: NetName=CRYSTAL_N Pin=C29-2
Added Pin To Net: NetName=GND Pin=C30-1
Added Pin To Net: NetName=RESET Pin=C30-2
Added Pin To Net: NetName=+5V_RS485 Pin=C31-1
Added Pin To Net: NetName=GND_RS485 Pin=C31-2
Added Pin To Net: NetName=+5V_RS485 Pin=C32-1
Added Pin To Net: NetName=GND_RS485 Pin=C32-2
Added Pin To Net: NetName=+5V_RS485 Pin=C33-1
Added Pin To Net: NetName=GND_RS485 Pin=C33-2
Added Pin To Net: NetName=+5V_RS485 Pin=C34-1
Added Pin To Net: NetName=GND_RS485 Pin=C34-2
Added Pin To Net: NetName=GND Pin=C35-1
Added Pin To Net: NetName=+3.3V Pin=C35-2
Added Pin To Net: NetName=GND Pin=C36-1
Added Pin To Net: NetName=+3.3V Pin=C36-2
Added Pin To Net: NetName=GND Pin=C37-1
Added Pin To Net: NetName=+3.3V Pin=C37-2
Added Pin To Net: NetName=GND Pin=C38-1
Added Pin To Net: NetName=+3.3V Pin=C38-2
Added Pin To Net: NetName=GND Pin=C39-1
Added Pin To Net: NetName=VBAT Pin=C39-2
Added Pin To Net: NetName=GND Pin=C40-1
Added Pin To Net: NetName=VBAT Pin=C40-2
Added Pin To Net: NetName=GND Pin=C42-1
Added Pin To Net: NetName=+5V Pin=C42-2
Added Pin To Net: NetName=GND Pin=C43-1
Added Pin To Net: NetName=+5V Pin=C43-2
Added Pin To Net: NetName=GND Pin=C44-1
Added Pin To Net: NetName=NetC44_2 Pin=C44-2
Added Pin To Net: NetName=GND Pin=C45-1
Added Pin To Net: NetName=NetC45_2 Pin=C45-2
Added Pin To Net: NetName=GND Pin=C46-1
Added Pin To Net: NetName=ENC_SW Pin=C46-2
Added Pin To Net: NetName=GND Pin=C47-1
Added Pin To Net: NetName=ENC_CLK Pin=C47-2
Added Pin To Net: NetName=GND Pin=C48-1
Added Pin To Net: NetName=ENC_DATA Pin=C48-2
Added Pin To Net: NetName=GND Pin=C49-1
Added Pin To Net: NetName=NetC49_2 Pin=C49-2
Added Pin To Net: NetName=GND Pin=C50-1
Added Pin To Net: NetName=VBUS Pin=C50-2
Added Pin To Net: NetName=GND Pin=C51-1
Added Pin To Net: NetName=VBUS Pin=C51-2
Added Pin To Net: NetName=GND Pin=C52-1
Added Pin To Net: NetName=+3.3V Pin=C52-2
Added Pin To Net: NetName=GND Pin=C53-1
Added Pin To Net: NetName=+3.3V Pin=C53-2
Added Pin To Net: NetName=GND Pin=C54-1
Added Pin To Net: NetName=+3.3V Pin=C54-2
Added Pin To Net: NetName=GND Pin=C55-1
Added Pin To Net: NetName=+3.3V Pin=C55-2
Added Pin To Net: NetName=GND Pin=C56-1
Added Pin To Net: NetName=DEBUG_EN Pin=C56-2
Added Pin To Net: NetName=GND Pin=C57-1
Added Pin To Net: NetName=NetC57_2 Pin=C57-2
Added Pin To Net: NetName=GND Pin=C58-1
Added Pin To Net: NetName=DEBUG_FLASH Pin=C58-2
Added Pin To Net: NetName=NetCOM1_1 Pin=COM1-1
Added Pin To Net: NetName=NetCOM1_2 Pin=COM1-2
Added Pin To Net: NetName=NetCOM1_3 Pin=COM1-3
Added Pin To Net: NetName=NetC27_2 Pin=COM1-4
Added Pin To Net: NetName=NetC26_2 Pin=COM1-5
Added Pin To Net: NetName=NetCOM1_6 Pin=COM1-6
Added Pin To Net: NetName=GND_RJ45 Pin=COM1-8
Added Pin To Net: NetName=NetCOM1_9 Pin=COM1-9
Added Pin To Net: NetName=LED2 Pin=COM1-10
Added Pin To Net: NetName=LED1 Pin=COM1-11
Added Pin To Net: NetName=NetCOM1_12 Pin=COM1-12
Added Pin To Net: NetName=GND_RJ45 Pin=COM1-15
Added Pin To Net: NetName=GND_RJ45 Pin=COM1-16
Added Pin To Net: NetName=GND Pin=D1-1
Added Pin To Net: NetName=NetD1_2 Pin=D1-2
Added Pin To Net: NetName=GND Pin=D2-1
Added Pin To Net: NetName=NetC5_2 Pin=D2-2
Added Pin To Net: NetName=NetD3_1 Pin=D3-1
Added Pin To Net: NetName=NetD3_2 Pin=D3-2
Added Pin To Net: NetName=GND_RS485 Pin=D3-3
Added Pin To Net: NetName=NetD4_1 Pin=D4-1
Added Pin To Net: NetName=NetD4_2 Pin=D4-2
Added Pin To Net: NetName=GND_RS485 Pin=D4-3
Added Pin To Net: NetName=VBUS Pin=D5-1
Added Pin To Net: NetName=+5V Pin=D5-2
Added Pin To Net: NetName=DATA_D_P Pin=D6-1
Added Pin To Net: NetName=GND Pin=D6-2
Added Pin To Net: NetName=DATA_D_N Pin=D6-3
Added Pin To Net: NetName=DATA_D_N Pin=D6-4
Added Pin To Net: NetName=VBUS Pin=D6-5
Added Pin To Net: NetName=DATA_D_P Pin=D6-6
Added Pin To Net: NetName=VIN Pin=DC1-1
Added Pin To Net: NetName=GND Pin=DC1-2
Added Pin To Net: NetName=GND Pin=DC1-3
Added Pin To Net: NetName=ENC_CLK Pin=EN1-A
Added Pin To Net: NetName=ENC_DATA Pin=EN1-B
Added Pin To Net: NetName=GND Pin=EN1-C
Added Pin To Net: NetName=GND Pin=EN1-D
Added Pin To Net: NetName=ENC_SW Pin=EN1-E
Added Pin To Net: NetName=NetD3_2 Pin=F1-1
Added Pin To Net: NetName=B1 Pin=F1-2
Added Pin To Net: NetName=NetD3_1 Pin=F2-1
Added Pin To Net: NetName=A1 Pin=F2-2
Added Pin To Net: NetName=NetD4_2 Pin=F3-1
Added Pin To Net: NetName=B2 Pin=F3-2
Added Pin To Net: NetName=NetD4_1 Pin=F4-1
Added Pin To Net: NetName=A2 Pin=F4-2
Added Pin To Net: NetName=+3.3V Pin=FR1-1
Added Pin To Net: NetName=+3.3V_RJ45 Pin=FR1-2
Added Pin To Net: NetName=NetFuse1_1 Pin=Fuse1-1
Added Pin To Net: NetName=+VCC Pin=Fuse1-2
Added Pin To Net: NetName=IO46 Pin=J1-1
Added Pin To Net: NetName=IO3 Pin=J1-2
Added Pin To Net: NetName=IO20 Pin=J1-3
Added Pin To Net: NetName=IO19 Pin=J1-4
Added Pin To Net: NetName=IO8 Pin=J1-5
Added Pin To Net: NetName=IO48 Pin=J1-6
Added Pin To Net: NetName=IO45 Pin=J1-7
Added Pin To Net: NetName=GND Pin=J1-8
Added Pin To Net: NetName=+5V Pin=J1-9
Added Pin To Net: NetName=+3.3V Pin=J1-10
Added Pin To Net: NetName=B1 Pin=KF1-1
Added Pin To Net: NetName=A1 Pin=KF1-2
Added Pin To Net: NetName=B2 Pin=KF2-1
Added Pin To Net: NetName=A2 Pin=KF2-2
Added Pin To Net: NetName=NetC5_2 Pin=L1-1
Added Pin To Net: NetName=+5V Pin=L1-2
Added Pin To Net: NetName=NetD1_2 Pin=L2-1
Added Pin To Net: NetName=+3.3V Pin=L2-2
Added Pin To Net: NetName=GND Pin=LCD1-1
Added Pin To Net: NetName=+5V Pin=LCD1-2
Added Pin To Net: NetName=NetLCD1_4 Pin=LCD1-4
Added Pin To Net: NetName=GND Pin=LCD1-5
Added Pin To Net: NetName=NetLCD1_6 Pin=LCD1-6
Added Pin To Net: NetName=NetLCD1_11 Pin=LCD1-11
Added Pin To Net: NetName=NetLCD1_12 Pin=LCD1-12
Added Pin To Net: NetName=NetLCD1_13 Pin=LCD1-13
Added Pin To Net: NetName=NetLCD1_14 Pin=LCD1-14
Added Pin To Net: NetName=+5V Pin=LCD1-15
Added Pin To Net: NetName=GND Pin=LCD1-16
Added Pin To Net: NetName=NetLED1_1 Pin=LED1-1
Added Pin To Net: NetName=GND Pin=LED1-2
Added Pin To Net: NetName=NetLED2_1 Pin=LED2-1
Added Pin To Net: NetName=GND Pin=LED2-2
Added Pin To Net: NetName=NetLED3_1 Pin=LED3-1
Added Pin To Net: NetName=GND Pin=LED3-2
Added Pin To Net: NetName=NetLED4_1 Pin=LED4-1
Added Pin To Net: NetName=GND Pin=LED4-2
Added Pin To Net: NetName=NetLED5_1 Pin=LED5-1
Added Pin To Net: NetName=IO9 Pin=LED5-2
Added Pin To Net: NetName=NetLED10_1 Pin=LED10-1
Added Pin To Net: NetName=GND_RS485 Pin=LED10-2
Added Pin To Net: NetName=NetLED12_1 Pin=LED12-1
Added Pin To Net: NetName=GND Pin=LED12-2
Added Pin To Net: NetName=NetLED15_1 Pin=LED15-1
Added Pin To Net: NetName=GND Pin=LED15-2
Added Pin To Net: NetName=NetQ6_1 Pin=Q6-1
Added Pin To Net: NetName=RTS Pin=Q6-2
Added Pin To Net: NetName=NetQ6_3 Pin=Q6-3
Added Pin To Net: NetName=NetQ7_1 Pin=Q7-1
Added Pin To Net: NetName=DTR Pin=Q7-2
Added Pin To Net: NetName=NetQ7_3 Pin=Q7-3
Added Pin To Net: NetName=VIN Pin=R1-1
Added Pin To Net: NetName=NetLED1_1 Pin=R1-2
Added Pin To Net: NetName=+5V Pin=R2-1
Added Pin To Net: NetName=NetLED2_1 Pin=R2-2
Added Pin To Net: NetName=+3.3V Pin=R3-1
Added Pin To Net: NetName=NetLED3_1 Pin=R3-2
Added Pin To Net: NetName=+VCC Pin=R4-1
Added Pin To Net: NetName=NetR4_2 Pin=R4-2
Added Pin To Net: NetName=+5V Pin=R5-1
Added Pin To Net: NetName=NetR5_2 Pin=R5-2
Added Pin To Net: NetName=NetR4_2 Pin=R6-1
Added Pin To Net: NetName=GND Pin=R6-2
Added Pin To Net: NetName=NetR5_2 Pin=R7-1
Added Pin To Net: NetName=GND Pin=R7-2
Added Pin To Net: NetName=+3.3V_RJ45 Pin=R8-1
Added Pin To Net: NetName=NetLED4_1 Pin=R8-2
Added Pin To Net: NetName=+3.3V Pin=R9-1
Added Pin To Net: NetName=NetLED5_1 Pin=R9-2
Added Pin To Net: NetName=NetR10_1 Pin=R10-1
Added Pin To Net: NetName=+3.3V Pin=R10-2
Added Pin To Net: NetName=NetR11_1 Pin=R11-1
Added Pin To Net: NetName=+3.3V Pin=R11-2
Added Pin To Net: NetName=NetR12_1 Pin=R12-1
Added Pin To Net: NetName=NetR12_2 Pin=R12-2
Added Pin To Net: NetName=NetR13_1 Pin=R13-1
Added Pin To Net: NetName=NetR13_2 Pin=R13-2
Added Pin To Net: NetName=NetR14_1 Pin=R14-1
Added Pin To Net: NetName=NetR14_2 Pin=R14-2
Added Pin To Net: NetName=GND Pin=R15-1
Added Pin To Net: NetName=NetR15_2 Pin=R15-2
Added Pin To Net: NetName=NetCOM1_2 Pin=R16-1
Added Pin To Net: NetName=+3.3V_RJ45 Pin=R16-2
Added Pin To Net: NetName=NetCOM1_1 Pin=R17-1
Added Pin To Net: NetName=+3.3V_RJ45 Pin=R17-2
Added Pin To Net: NetName=RX_N Pin=R18-1
Added Pin To Net: NetName=NetCOM1_6 Pin=R18-2
Added Pin To Net: NetName=+3.3V_RJ45 Pin=R19-1
Added Pin To Net: NetName=NetC27_2 Pin=R19-2
Added Pin To Net: NetName=NetC26_2 Pin=R20-1
Added Pin To Net: NetName=NetCOM1_6 Pin=R20-2
Added Pin To Net: NetName=NetC26_2 Pin=R21-1
Added Pin To Net: NetName=NetCOM1_3 Pin=R21-2
Added Pin To Net: NetName=RX_P Pin=R22-1
Added Pin To Net: NetName=NetCOM1_3 Pin=R22-2
Added Pin To Net: NetName=TX_N Pin=R23-1
Added Pin To Net: NetName=NetCOM1_2 Pin=R23-2
Added Pin To Net: NetName=TX_P Pin=R24-1
Added Pin To Net: NetName=NetCOM1_1 Pin=R24-2
Added Pin To Net: NetName=+3.3V Pin=R25-1
Added Pin To Net: NetName=NetCOM1_9 Pin=R25-2
Added Pin To Net: NetName=PMODE2 Pin=R26-1
Added Pin To Net: NetName=+3.3V Pin=R26-2
Added Pin To Net: NetName=PMODE1 Pin=R27-1
Added Pin To Net: NetName=+3.3V Pin=R27-2
Added Pin To Net: NetName=PMODE0 Pin=R28-1
Added Pin To Net: NetName=+3.3V Pin=R28-2
Added Pin To Net: NetName=CRYSTAL_N Pin=R29-1
Added Pin To Net: NetName=CRYSTAL_P Pin=R29-2
Added Pin To Net: NetName=I2C_P Pin=R30-1
Added Pin To Net: NetName=+3.3V Pin=R30-2
Added Pin To Net: NetName=+3.3V Pin=R31-1
Added Pin To Net: NetName=RESET Pin=R31-2
Added Pin To Net: NetName=+3.3V Pin=R32-1
Added Pin To Net: NetName=NetCOM1_12 Pin=R32-2
Added Pin To Net: NetName=NetD3_2 Pin=R33-1
Added Pin To Net: NetName=GND_RS485 Pin=R33-2
Added Pin To Net: NetName=RX1_RS485 Pin=R34-1
Added Pin To Net: NetName=+3.3V Pin=R34-2
Added Pin To Net: NetName=NetR35_1 Pin=R35-1
Added Pin To Net: NetName=+5V_RS485 Pin=R35-2
Added Pin To Net: NetName=RX2_RS485 Pin=R36-1
Added Pin To Net: NetName=+3.3V Pin=R36-2
Added Pin To Net: NetName=NetR37_1 Pin=R37-1
Added Pin To Net: NetName=+5V_RS485 Pin=R37-2
Added Pin To Net: NetName=NetD3_1 Pin=R38-1
Added Pin To Net: NetName=NetD3_2 Pin=R38-2
Added Pin To Net: NetName=+5V_RS485 Pin=R39-1
Added Pin To Net: NetName=NetD3_1 Pin=R39-2
Added Pin To Net: NetName=NetR40_1 Pin=R40-1
Added Pin To Net: NetName=+3.3V Pin=R40-2
Added Pin To Net: NetName=EN1 Pin=R41-1
Added Pin To Net: NetName=+5V_RS485 Pin=R41-2
Added Pin To Net: NetName=NetR42_1 Pin=R42-1
Added Pin To Net: NetName=+3.3V Pin=R42-2
Added Pin To Net: NetName=EN2 Pin=R43-1
Added Pin To Net: NetName=+5V_RS485 Pin=R43-2
Added Pin To Net: NetName=NetD4_2 Pin=R44-1
Added Pin To Net: NetName=GND_RS485 Pin=R44-2
Added Pin To Net: NetName=NetR45_1 Pin=R45-1
Added Pin To Net: NetName=+3.3V Pin=R45-2
Added Pin To Net: NetName=DI1 Pin=R46-1
Added Pin To Net: NetName=+5V_RS485 Pin=R46-2
Added Pin To Net: NetName=NetR47_1 Pin=R47-1
Added Pin To Net: NetName=+3.3V Pin=R47-2
Added Pin To Net: NetName=DI2 Pin=R48-1
Added Pin To Net: NetName=+5V_RS485 Pin=R48-2
Added Pin To Net: NetName=NetD4_1 Pin=R49-1
Added Pin To Net: NetName=NetD4_2 Pin=R49-2
Added Pin To Net: NetName=+5V_RS485 Pin=R50-1
Added Pin To Net: NetName=NetD4_1 Pin=R50-2
Added Pin To Net: NetName=I2C_N Pin=R51-1
Added Pin To Net: NetName=+3.3V Pin=R51-2
Added Pin To Net: NetName=+5V_RS485 Pin=R55-1
Added Pin To Net: NetName=NetLED10_1 Pin=R55-2
Added Pin To Net: NetName=+3.3V Pin=R61-1
Added Pin To Net: NetName=NetLED12_1 Pin=R61-2
Added Pin To Net: NetName=NetC44_2 Pin=R65-1
Added Pin To Net: NetName=+3.3V Pin=R65-2
Added Pin To Net: NetName=NetC45_2 Pin=R66-1
Added Pin To Net: NetName=+3.3V Pin=R66-2
Added Pin To Net: NetName=ENC_SW Pin=R68-1
Added Pin To Net: NetName=+3.3V Pin=R68-2
Added Pin To Net: NetName=ENC_CLK Pin=R69-1
Added Pin To Net: NetName=+3.3V Pin=R69-2
Added Pin To Net: NetName=ENC_DATA Pin=R70-1
Added Pin To Net: NetName=+3.3V Pin=R70-2
Added Pin To Net: NetName=+3.3V Pin=R72-1
Added Pin To Net: NetName=NetC49_2 Pin=R72-2
Added Pin To Net: NetName=DEBUG_EN Pin=R74-1
Added Pin To Net: NetName=+3.3V Pin=R74-2
Added Pin To Net: NetName=DEBUG_EN Pin=R75-1
Added Pin To Net: NetName=NetQ6_3 Pin=R75-2
Added Pin To Net: NetName=DTR Pin=R76-1
Added Pin To Net: NetName=NetQ6_1 Pin=R76-2
Added Pin To Net: NetName=+3.3V Pin=R78-1
Added Pin To Net: NetName=NetLED15_1 Pin=R78-2
Added Pin To Net: NetName=RTS Pin=R79-1
Added Pin To Net: NetName=NetQ7_1 Pin=R79-2
Added Pin To Net: NetName=DEBUG_FLASH Pin=R80-1
Added Pin To Net: NetName=NetQ7_3 Pin=R80-2
Added Pin To Net: NetName=+3.3V Pin=R81-1
Added Pin To Net: NetName=DEBUG_FLASH Pin=R81-2
Added Pin To Net: NetName=CC2 Pin=R82-1
Added Pin To Net: NetName=GND Pin=R82-2
Added Pin To Net: NetName=CC1 Pin=R83-1
Added Pin To Net: NetName=GND Pin=R83-2
Added Pin To Net: NetName=NetFuse1_1 Pin=SW1-1
Added Pin To Net: NetName=VIN Pin=SW1-2
Added Pin To Net: NetName=GND Pin=SW2-1
Added Pin To Net: NetName=RESET Pin=SW2-2
Added Pin To Net: NetName=GND Pin=SW3-1_1
Added Pin To Net: NetName=PMODE0 Pin=SW3-1
Added Pin To Net: NetName=GND Pin=SW3-2_1
Added Pin To Net: NetName=PMODE1 Pin=SW3-2
Added Pin To Net: NetName=GND Pin=SW3-3_1
Added Pin To Net: NetName=PMODE2 Pin=SW3-3
Added Pin To Net: NetName=GND Pin=SW5-1
Added Pin To Net: NetName=GND Pin=SW5-1
Added Pin To Net: NetName=NetC44_2 Pin=SW5-2
Added Pin To Net: NetName=NetC44_2 Pin=SW5-2
Added Pin To Net: NetName=GND Pin=SW6-1
Added Pin To Net: NetName=GND Pin=SW6-1
Added Pin To Net: NetName=NetC45_2 Pin=SW6-2
Added Pin To Net: NetName=NetC45_2 Pin=SW6-2
Added Pin To Net: NetName=GND Pin=SW7-1
Added Pin To Net: NetName=GND Pin=SW7-1
Added Pin To Net: NetName=NetC49_2 Pin=SW7-2
Added Pin To Net: NetName=NetC49_2 Pin=SW7-2
Added Pin To Net: NetName=GND Pin=SW8-1
Added Pin To Net: NetName=DEBUG_EN Pin=SW8-2
Added Pin To Net: NetName=GND Pin=SW9-1
Added Pin To Net: NetName=DEBUG_FLASH Pin=SW9-2
Added Pin To Net: NetName=GND Pin=TP1-1
Added Pin To Net: NetName=GND Pin=TP2-1
Added Pin To Net: NetName=GND Pin=TP3-1
Added Pin To Net: NetName=VBAT Pin=TP4-1
Added Pin To Net: NetName=+3.3V Pin=TP5-1
Added Pin To Net: NetName=+5V Pin=TP6-1
Added Pin To Net: NetName=GND_RS485 Pin=TP10-1
Added Pin To Net: NetName=+5V_RS485 Pin=TP11-1
Added Pin To Net: NetName=+3.3V Pin=TP15-1
Added Pin To Net: NetName=NetC5_1 Pin=U1-1
Added Pin To Net: NetName=NetR5_2 Pin=U1-4
Added Pin To Net: NetName=NetR4_2 Pin=U1-5
Added Pin To Net: NetName=GND Pin=U1-6
Added Pin To Net: NetName=+VCC Pin=U1-7
Added Pin To Net: NetName=NetC5_2 Pin=U1-8
Added Pin To Net: NetName=GND Pin=U1-9
Added Pin To Net: NetName=+5V Pin=U2-1
Added Pin To Net: NetName=NetD1_2 Pin=U2-2
Added Pin To Net: NetName=+3.3V Pin=U2-3
Added Pin To Net: NetName=GND Pin=U2-4
Added Pin To Net: NetName=GND Pin=U2-5
Added Pin To Net: NetName=GND Pin=U2-6
Added Pin To Net: NetName=GND Pin=U2-7
Added Pin To Net: NetName=GND Pin=U2-8
Added Pin To Net: NetName=GND Pin=U3-1
Added Pin To Net: NetName=+5V Pin=U3-2
Added Pin To Net: NetName=+5V_RS485 Pin=U3-3
Added Pin To Net: NetName=GND_RS485 Pin=U3-4
Added Pin To Net: NetName=TX_N Pin=U4-1
Added Pin To Net: NetName=TX_P Pin=U4-2
Added Pin To Net: NetName=GND Pin=U4-3
Added Pin To Net: NetName=+3.3V_RJ45 Pin=U4-4
Added Pin To Net: NetName=RX_N Pin=U4-5
Added Pin To Net: NetName=RX_P Pin=U4-6
Added Pin To Net: NetName=+3.3V_RJ45 Pin=U4-8
Added Pin To Net: NetName=GND Pin=U4-9
Added Pin To Net: NetName=NetR15_2 Pin=U4-10
Added Pin To Net: NetName=+3.3V_RJ45 Pin=U4-11
Added Pin To Net: NetName=GND Pin=U4-14
Added Pin To Net: NetName=+3.3V_RJ45 Pin=U4-15
Added Pin To Net: NetName=GND Pin=U4-16
Added Pin To Net: NetName=+3.3V_RJ45 Pin=U4-17
Added Pin To Net: NetName=GND Pin=U4-19
Added Pin To Net: NetName=NetC25_2 Pin=U4-20
Added Pin To Net: NetName=+3.3V_RJ45 Pin=U4-21
Added Pin To Net: NetName=NetC24_2 Pin=U4-22
Added Pin To Net: NetName=LED2 Pin=U4-25
Added Pin To Net: NetName=LED1 Pin=U4-27
Added Pin To Net: NetName=+3.3V Pin=U4-28
Added Pin To Net: NetName=GND Pin=U4-29
Added Pin To Net: NetName=CRYSTAL_N Pin=U4-30
Added Pin To Net: NetName=CRYSTAL_P Pin=U4-31
Added Pin To Net: NetName=NetR10_1 Pin=U4-32
Added Pin To Net: NetName=NetR14_1 Pin=U4-33
Added Pin To Net: NetName=NetR13_1 Pin=U4-34
Added Pin To Net: NetName=NetR12_1 Pin=U4-35
Added Pin To Net: NetName=NetR11_1 Pin=U4-36
Added Pin To Net: NetName=RESET Pin=U4-37
Added Pin To Net: NetName=PMODE2 Pin=U4-43
Added Pin To Net: NetName=PMODE1 Pin=U4-44
Added Pin To Net: NetName=PMODE0 Pin=U4-45
Added Pin To Net: NetName=GND Pin=U4-48
Added Pin To Net: NetName=RO1 Pin=U5-1
Added Pin To Net: NetName=EN1 Pin=U5-2
Added Pin To Net: NetName=EN1 Pin=U5-3
Added Pin To Net: NetName=DI1 Pin=U5-4
Added Pin To Net: NetName=GND_RS485 Pin=U5-5
Added Pin To Net: NetName=NetD3_1 Pin=U5-6
Added Pin To Net: NetName=NetD3_2 Pin=U5-7
Added Pin To Net: NetName=+5V_RS485 Pin=U5-8
Added Pin To Net: NetName=NetR35_1 Pin=U6-1
Added Pin To Net: NetName=RO1 Pin=U6-2
Added Pin To Net: NetName=GND Pin=U6-3
Added Pin To Net: NetName=RX1_RS485 Pin=U6-4
Added Pin To Net: NetName=NetR37_1 Pin=U7-1
Added Pin To Net: NetName=RO2 Pin=U7-2
Added Pin To Net: NetName=GND Pin=U7-3
Added Pin To Net: NetName=RX2_RS485 Pin=U7-4
Added Pin To Net: NetName=NetR40_1 Pin=U8-1
Added Pin To Net: NetName=EN1_RS485 Pin=U8-2
Added Pin To Net: NetName=GND_RS485 Pin=U8-3
Added Pin To Net: NetName=EN1 Pin=U8-4
Added Pin To Net: NetName=NetR42_1 Pin=U9-1
Added Pin To Net: NetName=EN2_RS485 Pin=U9-2
Added Pin To Net: NetName=GND_RS485 Pin=U9-3
Added Pin To Net: NetName=EN2 Pin=U9-4
Added Pin To Net: NetName=RO2 Pin=U10-1
Added Pin To Net: NetName=EN2 Pin=U10-2
Added Pin To Net: NetName=EN2 Pin=U10-3
Added Pin To Net: NetName=DI2 Pin=U10-4
Added Pin To Net: NetName=GND_RS485 Pin=U10-5
Added Pin To Net: NetName=NetD4_1 Pin=U10-6
Added Pin To Net: NetName=NetD4_2 Pin=U10-7
Added Pin To Net: NetName=+5V_RS485 Pin=U10-8
Added Pin To Net: NetName=NetR45_1 Pin=U11-1
Added Pin To Net: NetName=TX1_RS485 Pin=U11-2
Added Pin To Net: NetName=GND_RS485 Pin=U11-3
Added Pin To Net: NetName=DI1 Pin=U11-4
Added Pin To Net: NetName=NetR47_1 Pin=U12-1
Added Pin To Net: NetName=TX2_RS485 Pin=U12-2
Added Pin To Net: NetName=GND_RS485 Pin=U12-3
Added Pin To Net: NetName=DI2 Pin=U12-4
Added Pin To Net: NetName=GND Pin=U13-1
Added Pin To Net: NetName=GND Pin=U13-2
Added Pin To Net: NetName=GND Pin=U13-3
Added Pin To Net: NetName=GND Pin=U13-4
Added Pin To Net: NetName=I2C_N Pin=U13-5
Added Pin To Net: NetName=I2C_P Pin=U13-6
Added Pin To Net: NetName=GND Pin=U13-7
Added Pin To Net: NetName=+3.3V Pin=U13-8
Added Pin To Net: NetName=+3.3V Pin=U14-2
Added Pin To Net: NetName=GND Pin=U14-13
Added Pin To Net: NetName=VBAT Pin=U14-14
Added Pin To Net: NetName=I2C_N Pin=U14-15
Added Pin To Net: NetName=I2C_P Pin=U14-16
Added Pin To Net: NetName=GND Pin=U15-1
Added Pin To Net: NetName=+3.3V Pin=U15-2
Added Pin To Net: NetName=DEBUG_EN Pin=U15-3
Added Pin To Net: NetName=I2C_N Pin=U15-4
Added Pin To Net: NetName=I2C_P Pin=U15-5
Added Pin To Net: NetName=NetLCD1_4 Pin=U15-6
Added Pin To Net: NetName=NetLCD1_6 Pin=U15-7
Added Pin To Net: NetName=NetLCD1_11 Pin=U15-8
Added Pin To Net: NetName=NetLCD1_12 Pin=U15-9
Added Pin To Net: NetName=NetLCD1_13 Pin=U15-10
Added Pin To Net: NetName=NetLCD1_14 Pin=U15-11
Added Pin To Net: NetName=IO8 Pin=U15-12
Added Pin To Net: NetName=IO19 Pin=U15-13
Added Pin To Net: NetName=IO20 Pin=U15-14
Added Pin To Net: NetName=IO3 Pin=U15-15
Added Pin To Net: NetName=IO46 Pin=U15-16
Added Pin To Net: NetName=IO9 Pin=U15-17
Added Pin To Net: NetName=NetR11_1 Pin=U15-18
Added Pin To Net: NetName=NetR12_2 Pin=U15-19
Added Pin To Net: NetName=NetR13_2 Pin=U15-20
Added Pin To Net: NetName=NetR14_2 Pin=U15-21
Added Pin To Net: NetName=NetR10_1 Pin=U15-22
Added Pin To Net: NetName=NetC44_2 Pin=U15-23
Added Pin To Net: NetName=NetC49_2 Pin=U15-24
Added Pin To Net: NetName=IO48 Pin=U15-25
Added Pin To Net: NetName=IO45 Pin=U15-26
Added Pin To Net: NetName=DEBUG_FLASH Pin=U15-27
Added Pin To Net: NetName=NetC45_2 Pin=U15-28
Added Pin To Net: NetName=ENC_SW Pin=U15-29
Added Pin To Net: NetName=ENC_DATA Pin=U15-30
Added Pin To Net: NetName=ENC_CLK Pin=U15-31
Added Pin To Net: NetName=RX1_RS485 Pin=U15-32
Added Pin To Net: NetName=TX1_RS485 Pin=U15-33
Added Pin To Net: NetName=EN1_RS485 Pin=U15-34
Added Pin To Net: NetName=RX2_RS485 Pin=U15-35
Added Pin To Net: NetName=DEBUG_D_N Pin=U15-36
Added Pin To Net: NetName=DEBUG_D_P Pin=U15-37
Added Pin To Net: NetName=TX2_RS485 Pin=U15-38
Added Pin To Net: NetName=EN2_RS485 Pin=U15-39
Added Pin To Net: NetName=GND Pin=U15-40
Added Pin To Net: NetName=GND Pin=U15-41_1
Added Pin To Net: NetName=GND Pin=U15-41_2
Added Pin To Net: NetName=GND Pin=U15-41_3
Added Pin To Net: NetName=GND Pin=U15-41_4
Added Pin To Net: NetName=GND Pin=U15-41_6
Added Pin To Net: NetName=GND Pin=U15-41_7
Added Pin To Net: NetName=GND Pin=U15-41_8
Added Pin To Net: NetName=GND Pin=U15-41_9
Added Pin To Net: NetName=GND Pin=U16-1
Added Pin To Net: NetName=DEBUG_D_N Pin=U16-2
Added Pin To Net: NetName=DEBUG_D_P Pin=U16-3
Added Pin To Net: NetName=NetC57_2 Pin=U16-4
Added Pin To Net: NetName=DATA_D_P Pin=U16-5
Added Pin To Net: NetName=DATA_D_N Pin=U16-6
Added Pin To Net: NetName=DTR Pin=U16-13
Added Pin To Net: NetName=RTS Pin=U16-14
Added Pin To Net: NetName=+3.3V Pin=U16-16
Added Pin To Net: NetName=GND Pin=USB1-A1
Added Pin To Net: NetName=VBUS Pin=USB1-A4
Added Pin To Net: NetName=CC1 Pin=USB1-A5
Added Pin To Net: NetName=DATA_D_P Pin=USB1-A6
Added Pin To Net: NetName=DATA_D_N Pin=USB1-A7
Added Pin To Net: NetName=GND Pin=USB1-B1
Added Pin To Net: NetName=VBUS Pin=USB1-B4
Added Pin To Net: NetName=CC2 Pin=USB1-B5
Added Pin To Net: NetName=DATA_D_P Pin=USB1-B6
Added Pin To Net: NetName=DATA_D_N Pin=USB1-B7
Added Pin To Net: NetName=GND Pin=USB1-SHIELD
Added Pin To Net: NetName=GND Pin=USB1-SHIELD
Added Pin To Net: NetName=GND Pin=USB1-SHIELD
Added Pin To Net: NetName=GND Pin=USB1-SHIELD
Added Pin To Net: NetName=GND Pin=USB1-SHIELD
Added Pin To Net: NetName=GND Pin=USB1-SHIELD
Added Pin To Net: NetName=GND Pin=VBAT1-N
Added Pin To Net: NetName=VBAT Pin=VBAT1-P
Added Pin To Net: NetName=+5V Pin=VR1-1
Added Pin To Net: NetName=Vo Pin=VR1-2
Added Pin To Net: NetName=GND Pin=VR1-3
Added Pin To Net: NetName=CRYSTAL_P Pin=X1-1
Added Pin To Net: NetName=GND Pin=X1-2
Added Pin To Net: NetName=CRYSTAL_N Pin=X1-3
Added Pin To Net: NetName=GND Pin=X1-4
Added Member To Class: ClassName=Power_Supply Member=Component C1 10uF/50V
Added Member To Class: ClassName=Power_Supply Member=Component C2 0.1uF/50V
Added Member To Class: ClassName=Power_Supply Member=Component C3 10uF/50V
Added Member To Class: ClassName=Power_Supply Member=Component C4 0.1uF/50V
Added Member To Class: ClassName=Power_Supply Member=Component C5 10nF/50V
Added Member To Class: ClassName=Power_Supply Member=Component C6 100uF/35V
Added Member To Class: ClassName=Power_Supply Member=Component C7 4.7uF/50V
Added Member To Class: ClassName=Power_Supply Member=Component C8 4.7uF/50V
Added Member To Class: ClassName=Power_Supply Member=Component C10 10uF/50V
Added Member To Class: ClassName=Power_Supply Member=Component C11 330uF/6.3V
Added Member To Class: ClassName=Power_Supply Member=Component C12 220uF/16V
Added Member To Class: ClassName=Power_Supply Member=Component C13 4.7uF/50V
Added Member To Class: ClassName=Power_Supply Member=Component C14 10uF/50V
Added Member To Class: ClassName=Ethernet Member=Component C15 1nF/50V
Added Member To Class: ClassName=Ethernet Member=Component C16 10uF/50V
Added Member To Class: ClassName=Ethernet Member=Component C17 100nF/50V
Added Member To Class: ClassName=Ethernet Member=Component C18 100nF/50V
Added Member To Class: ClassName=Ethernet Member=Component C19 100nF/50V
Added Member To Class: ClassName=Ethernet Member=Component C20 100nF/50V
Added Member To Class: ClassName=Ethernet Member=Component C21 100nF/50V
Added Member To Class: ClassName=Ethernet Member=Component C22 100nF/50V
Added Member To Class: ClassName=Ethernet Member=Component C23 100nF/50V
Added Member To Class: ClassName=Ethernet Member=Component C24 10nF/50V
Added Member To Class: ClassName=Ethernet Member=Component C25 4.7uF/50V
Added Member To Class: ClassName=Ethernet Member=Component C26 10nF/50V
Added Member To Class: ClassName=Ethernet Member=Component C27 22nF/50V
Added Member To Class: ClassName=Ethernet Member=Component C28 18pF/50V
Added Member To Class: ClassName=Ethernet Member=Component C29 18pF/50V
Added Member To Class: ClassName=Ethernet Member=Component C30 0.1uF/50V
Added Member To Class: ClassName=RS485_Port Member=Component C31 0.1uF/50V
Added Member To Class: ClassName=RS485_Port Member=Component C32 0.1uF/50V
Added Member To Class: ClassName=RS485_Port Member=Component C33 0.1uF/50V
Added Member To Class: ClassName=RS485_Port Member=Component C34 0.1uF/50V
Added Member To Class: ClassName=RTC_and_EEPROM Member=Component C35 10uF/50V
Added Member To Class: ClassName=RTC_and_EEPROM Member=Component C36 0.1uF/50V
Added Member To Class: ClassName=RTC_and_EEPROM Member=Component C37 10uF/50V
Added Member To Class: ClassName=RTC_and_EEPROM Member=Component C38 0.1uF/50V
Added Member To Class: ClassName=RTC_and_EEPROM Member=Component C39 10uF/50V
Added Member To Class: ClassName=RTC_and_EEPROM Member=Component C40 0.1uF/50V
Added Member To Class: ClassName=User_Interface Member=Component C42 10uF/50V
Added Member To Class: ClassName=User_Interface Member=Component C43 0.1uF/50V
Added Member To Class: ClassName=User_Interface Member=Component C44 0.1uF/50V
Added Member To Class: ClassName=User_Interface Member=Component C45 0.1uF/50V
Added Member To Class: ClassName=User_Interface Member=Component C46 0.1uF/50V
Added Member To Class: ClassName=User_Interface Member=Component C47 0.1uF/50V
Added Member To Class: ClassName=User_Interface Member=Component C48 0.1uF/50V
Added Member To Class: ClassName=User_Interface Member=Component C49 0.1uF/50V
Added Member To Class: ClassName=MCU Member=Component C50 0.1uF/50V
Added Member To Class: ClassName=MCU Member=Component C51 10uF/50V
Added Member To Class: ClassName=MCU Member=Component C52 10uF/50V
Added Member To Class: ClassName=MCU Member=Component C53 0.1uF/50V
Added Member To Class: ClassName=MCU Member=Component C54 10uF/50V
Added Member To Class: ClassName=MCU Member=Component C55 0.1uF/50V
Added Member To Class: ClassName=MCU Member=Component C56 0.1uF/50V
Added Member To Class: ClassName=MCU Member=Component C57 100nF/50V
Added Member To Class: ClassName=MCU Member=Component C58 0.1uF/50V
Added Member To Class: ClassName=Ethernet Member=Component COM1 RJ45
Added Member To Class: ClassName=Power_Supply Member=Component D1 SS54
Added Member To Class: ClassName=Power_Supply Member=Component D2 SS54
Added Member To Class: ClassName=RS485_Port Member=Component D3 SM712-02HTG
Added Member To Class: ClassName=RS485_Port Member=Component D4 SM712-02HTG
Added Member To Class: ClassName=MCU Member=Component D5 SS54
Added Member To Class: ClassName=MCU Member=Component D6 SRV05-4
Added Member To Class: ClassName=Power_Supply Member=Component DC1 Jack_DC
Added Member To Class: ClassName=User_Interface Member=Component EN1 Encoder - EC11
Added Member To Class: ClassName=RS485_Port Member=Component F1 MF-MSMF020-2
Added Member To Class: ClassName=RS485_Port Member=Component F2 MF-MSMF020-2
Added Member To Class: ClassName=RS485_Port Member=Component F3 MF-MSMF020-2
Added Member To Class: ClassName=RS485_Port Member=Component F4 MF-MSMF020-2
Added Member To Class: ClassName=Ethernet Member=Component FR1 120R
Added Member To Class: ClassName=Power_Supply Member=Component Fuse1 Fuse - 4A
Added Member To Class: ClassName=MCU Member=Component J1 Jump 10 Pins
Added Member To Class: ClassName=RS485_Port Member=Component KF1 KF 2 Pins
Added Member To Class: ClassName=RS485_Port Member=Component KF2 KF 2 Pins
Added Member To Class: ClassName=Power_Supply Member=Component L1 15uH/3A
Added Member To Class: ClassName=Power_Supply Member=Component L2 22uH/3A
Added Member To Class: ClassName=User_Interface Member=Component LCD1 LCD 20x4A
Added Member To Class: ClassName=Power_Supply Member=Component LED1 RED
Added Member To Class: ClassName=Power_Supply Member=Component LED2 RED
Added Member To Class: ClassName=Power_Supply Member=Component LED3 GREEN
Added Member To Class: ClassName=Ethernet Member=Component LED4 RED
Added Member To Class: ClassName=MCU Member=Component LED5 TEST_LED
Added Member To Class: ClassName=RS485_Port Member=Component LED10 RED
Added Member To Class: ClassName=RTC_and_EEPROM Member=Component LED12 RED
Added Member To Class: ClassName=MCU Member=Component LED15 RED_DEBUG
Added Member To Class: ClassName=RTC_and_EEPROM Member=Component MH1 MOUNTING HOLE
Added Member To Class: ClassName=RTC_and_EEPROM Member=Component MH3 MOUNTING HOLE
Added Member To Class: ClassName=RTC_and_EEPROM Member=Component MH4 MOUNTING HOLE
Added Member To Class: ClassName=MCU Member=Component Q6 SS8050
Added Member To Class: ClassName=MCU Member=Component Q7 SS8050
Added Member To Class: ClassName=Power_Supply Member=Component R1 10K/1%
Added Member To Class: ClassName=Power_Supply Member=Component R2 1K/1%
Added Member To Class: ClassName=Power_Supply Member=Component R3 330R/1%
Added Member To Class: ClassName=Power_Supply Member=Component R4 10K/1%
Added Member To Class: ClassName=Power_Supply Member=Component R5 1K/1%
Added Member To Class: ClassName=Power_Supply Member=Component R6 1.5K/1%
Added Member To Class: ClassName=Power_Supply Member=Component R7 330R/1%
Added Member To Class: ClassName=Ethernet Member=Component R8 330R/1%
Added Member To Class: ClassName=MCU Member=Component R9 330R/1%
Added Member To Class: ClassName=Ethernet Member=Component R10 10K/1%
Added Member To Class: ClassName=Ethernet Member=Component R11 10K/1%
Added Member To Class: ClassName=Ethernet Member=Component R12 22R/1%
Added Member To Class: ClassName=Ethernet Member=Component R13 22R/1%
Added Member To Class: ClassName=Ethernet Member=Component R14 22R/1%
Added Member To Class: ClassName=Ethernet Member=Component R15 12.4K/1%
Added Member To Class: ClassName=Ethernet Member=Component R16 49.9R/1%
Added Member To Class: ClassName=Ethernet Member=Component R17 49.9R/1%
Added Member To Class: ClassName=Ethernet Member=Component R18 22R/1%
Added Member To Class: ClassName=Ethernet Member=Component R19 22R/1%
Added Member To Class: ClassName=Ethernet Member=Component R20 49.9R/1%
Added Member To Class: ClassName=Ethernet Member=Component R21 49.9R/1%
Added Member To Class: ClassName=Ethernet Member=Component R22 22R/1%
Added Member To Class: ClassName=Ethernet Member=Component R23 22R/1%
Added Member To Class: ClassName=Ethernet Member=Component R24 22R/1%
Added Member To Class: ClassName=Ethernet Member=Component R25 330R/1%
Added Member To Class: ClassName=Ethernet Member=Component R26 10K/1%
Added Member To Class: ClassName=Ethernet Member=Component R27 10K/1%
Added Member To Class: ClassName=Ethernet Member=Component R28 10K/1%
Added Member To Class: ClassName=Ethernet Member=Component R29 1M/1%
Added Member To Class: ClassName=RTC_and_EEPROM Member=Component R30 4.7K/1%
Added Member To Class: ClassName=Ethernet Member=Component R31 10K/1%
Added Member To Class: ClassName=Ethernet Member=Component R32 330R/1%
Added Member To Class: ClassName=RS485_Port Member=Component R33 2.2K/1%
Added Member To Class: ClassName=RS485_Port Member=Component R34 2K/1%
Added Member To Class: ClassName=RS485_Port Member=Component R35 1K/1%
Added Member To Class: ClassName=RS485_Port Member=Component R36 2K/1%
Added Member To Class: ClassName=RS485_Port Member=Component R37 1K/1%
Added Member To Class: ClassName=RS485_Port Member=Component R38 120R/1%
Added Member To Class: ClassName=RS485_Port Member=Component R39 2.2K/1%
Added Member To Class: ClassName=RS485_Port Member=Component R40 330R/1%
Added Member To Class: ClassName=RS485_Port Member=Component R41 2K/1%
Added Member To Class: ClassName=RS485_Port Member=Component R42 330R/1%
Added Member To Class: ClassName=RS485_Port Member=Component R43 2K/1%
Added Member To Class: ClassName=RS485_Port Member=Component R44 2.2K/1%
Added Member To Class: ClassName=RS485_Port Member=Component R45 330R/1%
Added Member To Class: ClassName=RS485_Port Member=Component R46 2K/1%
Added Member To Class: ClassName=RS485_Port Member=Component R47 330R/1%
Added Member To Class: ClassName=RS485_Port Member=Component R48 2K/1%
Added Member To Class: ClassName=RS485_Port Member=Component R49 120R/1%
Added Member To Class: ClassName=RS485_Port Member=Component R50 2.2K/1%
Added Member To Class: ClassName=RTC_and_EEPROM Member=Component R51 4.7K/1%
Added Member To Class: ClassName=RS485_Port Member=Component R55 1K/1%
Added Member To Class: ClassName=RTC_and_EEPROM Member=Component R61 330R/1%
Added Member To Class: ClassName=User_Interface Member=Component R65 10K/1%
Added Member To Class: ClassName=User_Interface Member=Component R66 10K/1%
Added Member To Class: ClassName=User_Interface Member=Component R68 10K/1%
Added Member To Class: ClassName=User_Interface Member=Component R69 10K/1%
Added Member To Class: ClassName=User_Interface Member=Component R70 10K/1%
Added Member To Class: ClassName=User_Interface Member=Component R72 10K/1%
Added Member To Class: ClassName=MCU Member=Component R74 10K/1%
Added Member To Class: ClassName=MCU Member=Component R75 0R/1%
Added Member To Class: ClassName=MCU Member=Component R76 10K/1%
Added Member To Class: ClassName=MCU Member=Component R78 330R/1%
Added Member To Class: ClassName=MCU Member=Component R79 10K/1%
Added Member To Class: ClassName=MCU Member=Component R80 0R/1%
Added Member To Class: ClassName=MCU Member=Component R81 10K/1%
Added Member To Class: ClassName=MCU Member=Component R82 5.1K/1%
Added Member To Class: ClassName=MCU Member=Component R83 5.1K/1%
Added Member To Class: ClassName=Power_Supply Member=Component SW1 Switch
Added Member To Class: ClassName=Ethernet Member=Component SW2 Button 2 Pins
Added Member To Class: ClassName=Ethernet Member=Component SW3 DIP Switch 3 Pins
Added Member To Class: ClassName=User_Interface Member=Component SW5 Button 4 Pins
Added Member To Class: ClassName=User_Interface Member=Component SW6 Button 4 Pins
Added Member To Class: ClassName=User_Interface Member=Component SW7 Button 4 Pins
Added Member To Class: ClassName=MCU Member=Component SW8 Button 2 Pins
Added Member To Class: ClassName=MCU Member=Component SW9 Button 2 Pins
Added Member To Class: ClassName=Power_Supply Member=Component TP1 GND
Added Member To Class: ClassName=Power_Supply Member=Component TP2 GND
Added Member To Class: ClassName=MCU Member=Component TP3 DEBUG PWR
Added Member To Class: ClassName=Power_Supply Member=Component TP4 VBAT
Added Member To Class: ClassName=Power_Supply Member=Component TP5 +3.3V
Added Member To Class: ClassName=Power_Supply Member=Component TP6 +5V
Added Member To Class: ClassName=RS485_Port Member=Component TP10 GND_RS485
Added Member To Class: ClassName=RS485_Port Member=Component TP11 GND_RS485
Added Member To Class: ClassName=MCU Member=Component TP15 DEBUG PWR
Added Member To Class: ClassName=Power_Supply Member=Component U1 TPS5430
Added Member To Class: ClassName=Power_Supply Member=Component U2 XL1509
Added Member To Class: ClassName=Power_Supply Member=Component U3 B0505S/1W
Added Member To Class: ClassName=Ethernet Member=Component U4 W5500
Added Member To Class: ClassName=RS485_Port Member=Component U5 MAX485ESA
Added Member To Class: ClassName=RS485_Port Member=Component U6 TLP185
Added Member To Class: ClassName=RS485_Port Member=Component U7 TLP185
Added Member To Class: ClassName=RS485_Port Member=Component U8 TLP185
Added Member To Class: ClassName=RS485_Port Member=Component U9 TLP185
Added Member To Class: ClassName=RS485_Port Member=Component U10 MAX485ESA
Added Member To Class: ClassName=RS485_Port Member=Component U11 TLP185
Added Member To Class: ClassName=RS485_Port Member=Component U12 TLP185
Added Member To Class: ClassName=RTC_and_EEPROM Member=Component U13 AT24C256C
Added Member To Class: ClassName=RTC_and_EEPROM Member=Component U14 DS3231SN#
Added Member To Class: ClassName=MCU Member=Component U15 ESP32-S3-WROOM-1U-N8R2
Added Member To Class: ClassName=MCU Member=Component U16 CH340C
Added Member To Class: ClassName=MCU Member=Component USB1 USB Type C
Added Member To Class: ClassName=Power_Supply Member=Component VBAT1 3V
Added Member To Class: ClassName=User_Interface Member=Component VR1 20K
Added Member To Class: ClassName=Ethernet Member=Component X1 CRYSTAL 8MHz
