Removed Pin From Net: NetName=+3.3V Pin=C3-1
Removed Pin From Net: NetName=+3.3V Pin=C4-1
Removed Pin From Net: NetName=IO9 Pin=J1-1
Removed Pin From Net: NetName=GND Pin=LED5-2
Removed Pin From Net: NetName=GND_RS485 Pin=LED11-2
Removed Pin From Net: NetName=GND Pin=LED13-2
Removed Pin From Net: NetName=GND Pin=LED14-2
Removed Pin From Net: NetName=+VCC Pin=R1-1
Removed Pin From Net: NetName=+3.3V Pin=R9-1
Removed Pin From Net: NetName=+5V_RS485 Pin=R33-2
Removed Pin From Net: NetName=GND_RS485 Pin=R39-1
Removed Pin From Net: NetName=+5V_RS485 Pin=R44-2
Removed Pin From Net: NetName=GND_RS485 Pin=R50-1
Removed Pin From Net: NetName=+5V_RS485 Pin=R56-1
Removed Pin From Net: NetName=+5V Pin=R62-1
Removed Pin From Net: NetName=+3.3V Pin=R77-1
Removed Pin From Net: NetName=GND_RS485 Pin=TP3-1
Removed Pin From Net: NetName=+VCC Pin=TP8-1
Removed Pin From Net: NetName=+3.3V Pin=TP14-1
Removed Member From Class: ClassName=Ethernet Member=LED5
Removed Member From Class: ClassName=RS485_Port Member=LED11
Removed Member From Class: ClassName=RTC_and_EEPROM Member=LED13
Removed Member From Class: ClassName=MCU Member=LED14
Removed Member From Class: ClassName=Ethernet Member=R9
Removed Member From Class: ClassName=RS485_Port Member=R56
Removed Member From Class: ClassName=RTC_and_EEPROM Member=R62
Removed Member From Class: ClassName=MCU Member=R77
Removed Member From Class: ClassName=Power_Supply Member=TP3
Removed Member From Class: ClassName=Power_Supply Member=TP8
Removed Member From Class: ClassName=MCU Member=TP14
Added Component: Designator=LED?(RED_LED_0603)
Added Component: Designator=R?(RES - 0603)
Added Component: Designator=TP?(Test Point)
Add component (AddParameter): Name = "Supplier 1"; Value = "Digikey"; VariantName = "[No Variations]"
Add component (AddParameter): Name = "Supplier Part Number 1"; Value = "36-5014-ND"; VariantName = "[No Variations]"
Added Pin To Net: NetName=+5V Pin=C3-1
Added Pin To Net: NetName=+5V Pin=C4-1
Add Pin To Net: Unknown Pin: Pin J1-11
Add Pin To Net: Unknown Pin: Pin J1-11
Added Pin To Net: NetName=VIN Pin=R1-1
Added Pin To Net: NetName=GND_RS485 Pin=R33-2
Added Pin To Net: NetName=+5V_RS485 Pin=R39-1
Added Pin To Net: NetName=GND_RS485 Pin=R44-2
Added Pin To Net: NetName=+5V_RS485 Pin=R50-1
Added Pin To Net: NetName=+3.3V Pin=R?-1
Added Pin To Net: NetName=GND Pin=TP?-1
Change Net Name : Old Net Name=DEBUG_RXD0 New Net Name=DEBUG_RXD0_D_P
Change Net Name : Old Net Name=DEBUG_TXD0 New Net Name=DEBUG_TXD0_D_N
Change Net Name : Old Net Name=XI New Net Name=XI_D_N
Change Net Name : Old Net Name=XO New Net Name=XO_D_P
Added Pin To Net: NetName=NetLED?_1 Pin=LED?-1
Added Pin To Net: NetName=NetLED?_1 Pin=R?-2
Added Net: Name=NetLED?_1
Add Differential Pair: Number of nets in differential pair DEBUG_RXD0_D is 1 instead of 2
Add Differential Pair: Number of nets in differential pair DEBUG_TXD0_D is 1 instead of 2
Add Differential Pair: Number of nets in differential pair XI_D is 1 instead of 2
Add Differential Pair: Number of nets in differential pair XO_D is 1 instead of 2
Added Member To Class: ClassName=MCU Member=Component LED? TEST_LED
Added Member To Class: ClassName=MCU Member=Component R? 330R/1%
Added Member To Class: ClassName=MCU Member=Component TP? DEBUG PWR
