Removed Pin From Net: NetName=IO46 Pin=J1-2
Removed Pin From Net: NetName=IO3 Pin=J1-3
Removed Pin From Net: NetName=IO20 Pin=J1-4
Removed Pin From Net: NetName=IO19 Pin=J1-5
Removed Pin From Net: NetName=IO8 Pin=J1-6
Removed Pin From Net: NetName=IO48 Pin=J1-7
Removed Pin From Net: NetName=IO45 Pin=J1-8
Removed Pin From Net: NetName=+3.3V Pin=J1-10
Added Pin To Net: NetName=IO46 Pin=J1-1
Added Pin To Net: NetName=IO3 Pin=J1-2
Added Pin To Net: NetName=IO20 Pin=J1-3
Added Pin To Net: NetName=IO19 Pin=J1-4
Added Pin To Net: NetName=IO8 Pin=J1-5
Added Pin To Net: NetName=IO48 Pin=J1-6
Added Pin To Net: NetName=IO45 Pin=J1-7
Added Pin To Net: NetName=+3.3V Pin=J1-8
Added Pin To Net: NetName=GND Pin=J1-10
Add Differential Pair: Number of nets in differential pair DEBUG_RXD0_D is 1 instead of 2
Add Differential Pair: Number of nets in differential pair DEBUG_TXD0_D is 1 instead of 2
Add Differential Pair: Number of nets in differential pair XI_D is 1 instead of 2
Add Differential Pair: Number of nets in differential pair XO_D is 1 instead of 2
