Added Component: Designator=C1(CAP - 0603)
Added Component: Designator=C2(CAP - 0603)
Added Component: Designator=C3(CAP - 0603)
Added Component: Designator=C4(CAP - 0603)
Added Component: Designator=C5(CAP - 0603)
Added Component: Designator=C6(Alu_Cap_6.3_7.7)
Added Component: Designator=C7(CAP - 0603)
Added Component: Designator=C8(CAP - 0603)
Added Component: Designator=C9(Alu_Cap_6.3_7.7)
Added Component: Designator=C10(CAP - 0603)
Added Component: Designator=C11(Alu_Cap_6.3_7.7)
Added Component: Designator=C12(Alu_Cap_6.3_7.7)
Added Component: Designator=C13(CAP - 0603)
Added Component: Designator=C14(CAP - 0603)
Added Component: Designator=C15(CAP - 0603)
Added Component: Designator=C16(CAP - 0603)
Added Component: Designator=C17(CAP - 0603)
Added Component: Designator=C18(CAP - 0603)
Added Component: Designator=C19(CAP - 0603)
Added Component: Designator=C20(CAP - 0603)
Added Component: Designator=C21(CAP - 0603)
Added Component: Designator=C22(CAP - 0603)
Added Component: Designator=C23(CAP - 0603)
Added Component: Designator=C24(CAP - 0603)
Added Component: Designator=C25(CAP - 0603)
Added Component: Designator=C26(CAP - 0603)
Added Component: Designator=C27(CAP - 0603)
Added Component: Designator=C28(CAP - 0603)
Added Component: Designator=C29(CAP - 0603)
Added Component: Designator=C30(CAP - 0603)
Added Component: Designator=C31(CAP - 0603)
Added Component: Designator=C32(CAP - 0603)
Added Component: Designator=C33(CAP - 0603)
Added Component: Designator=C34(CAP - 0603)
Added Component: Designator=C35(CAP - 0603)
Added Component: Designator=C36(CAP - 0603)
Added Component: Designator=C37(CAP - 0603)
Added Component: Designator=C38(CAP - 0603)
Added Component: Designator=C39(CAP - 0603)
Added Component: Designator=C40(CAP - 0603)
Added Component: Designator=C41(CAP - 0603)
Added Component: Designator=C42(CAP - 0603)
Added Component: Designator=C43(CAP - 0603)
Added Component: Designator=C44(CAP - 0603)
Added Component: Designator=C45(CAP - 0603)
Added Component: Designator=C46(CAP - 0603)
Added Component: Designator=C47(CAP - 0603)
Added Component: Designator=C48(CAP - 0603)
Added Component: Designator=C49(CAP - 0603)
Added Component: Designator=C50(CAP - 0603)
Added Component: Designator=C51(CAP - 0603)
Added Component: Designator=C52(CAP - 0603)
Added Component: Designator=C53(CAP - 0603)
Added Component: Designator=C54(CAP - 0603)
Added Component: Designator=C55(CAP - 0603)
Added Component: Designator=C56(CAP - 0603)
Added Component: Designator=C57(CAP - 0603)
Added Component: Designator=C58(CAP - 0603)
Added Component: Designator=COM1(RJ45)
Added Component: Designator=D1(SS54)
Add component (AddParameter): Name = "Supplier 1"; Value = "Newark"; VariantName = "[No Variations]"
Add component (AddParameter): Name = "Supplier Part Number 1"; Value = "08X3002"; VariantName = "[No Variations]"
Added Component: Designator=D2(SS54)
Add component (AddParameter): Name = "Supplier 1"; Value = "Newark"; VariantName = "[No Variations]"
Add component (AddParameter): Name = "Supplier Part Number 1"; Value = "08X3002"; VariantName = "[No Variations]"
Added Component: Designator=D3(SOT23-3)
Added Component: Designator=D4(SOT23-3)
Added Component: Designator=D5(SS54)
Add component (AddParameter): Name = "Supplier 1"; Value = "Newark"; VariantName = "[No Variations]"
Add component (AddParameter): Name = "Supplier Part Number 1"; Value = "08X3002"; VariantName = "[No Variations]"
Added Component: Designator=D6(SOT-23-6)
Added Component: Designator=DC1(DC_5.5 x 2.1mm)
Added Component: Designator=EN1(Encoder - EC11)
Added Component: Designator=F1(Fuse 4.55x3.24 mm)
Added Component: Designator=F2(Fuse 4.55x3.24 mm)
Added Component: Designator=F3(Fuse 4.55x3.24 mm)
Added Component: Designator=F4(Fuse 4.55x3.24 mm)
Added Component: Designator=FR1(FR-0805)
Added Component: Designator=Fuse1(SMD-2)
Added Component: Designator=KF1(KF-5.08-2-R)
Added Component: Designator=KF2(KF-5.08-2-R)
Added Component: Designator=L1(L_SMD_12x12mm)
Added Component: Designator=L2(L_SMD_12x12mm)
Added Component: Designator=LCD1(LCD - 2004)
Added Component: Designator=LED1(RED_LED_0805)
Added Component: Designator=LED2(GREEN_LED_0805)
Added Component: Designator=LED3(RED_LED_0805)
Added Component: Designator=LED4(RED_LED_0805)
Added Component: Designator=LED5(RED_LED_0805)
Added Component: Designator=LED6(YELLOW_LED_0603)
Added Component: Designator=LED7(YELLOW_LED_0603)
Added Component: Designator=LED8(YELLOW_LED_0603)
Added Component: Designator=LED9(YELLOW_LED_0603)
Added Component: Designator=LED10(RED_LED_0603)
Added Component: Designator=LED11(RED_LED_0603)
Added Component: Designator=LED12(RED_LED_0805)
Added Component: Designator=LED13(RED_LED_0805)
Added Component: Designator=LED14(RED_LED_0603)
Added Component: Designator=LED15(RED_LED_0603)
Added Component: Designator=Q1(SOT23-3 - BSS138LT1G)
Added Component: Designator=Q2(SOT23-3 - BSS138LT1G)
Added Component: Designator=Q3(SOT23-3 - BSS138LT1G)
Added Component: Designator=Q4(SOT23-3 - BSS138LT1G)
Added Component: Designator=Q5(SOT23-3 - BSS138LT1G)
Added Component: Designator=Q6(SOT23-3)
Added Component: Designator=Q7(SOT23-3)
Added Component: Designator=R1(RES - 0603)
Added Component: Designator=R2(RES - 0603)
Added Component: Designator=R3(RES - 0603)
Added Component: Designator=R4(RES - 0603)
Added Component: Designator=R5(RES - 0603)
Added Component: Designator=R6(RES - 0603)
Added Component: Designator=R7(RES - 0603)
Added Component: Designator=R8(RES - 0603)
Added Component: Designator=R9(RES - 0603)
Added Component: Designator=R10(RES - 0603)
Added Component: Designator=R11(RES - 0603)
Added Component: Designator=R12(RES - 0603)
Added Component: Designator=R13(RES - 0603)
Added Component: Designator=R14(RES - 0603)
Added Component: Designator=R15(RES - 0603)
Added Component: Designator=R16(RES - 0603)
Added Component: Designator=R17(RES - 0603)
Added Component: Designator=R18(RES - 0603)
Added Component: Designator=R19(RES - 0603)
Added Component: Designator=R20(RES - 0603)
Added Component: Designator=R21(RES - 0603)
Added Component: Designator=R22(RES - 0603)
Added Component: Designator=R23(RES - 0603)
Added Component: Designator=R24(RES - 0603)
Added Component: Designator=R25(RES - 0603)
Added Component: Designator=R26(RES - 0603)
Added Component: Designator=R27(RES - 0603)
Added Component: Designator=R28(RES - 0603)
Added Component: Designator=R29(RES - 0603)
Added Component: Designator=R30(RES - 0603)
Added Component: Designator=R31(RES - 0603)
Added Component: Designator=R32(RES - 0603)
Added Component: Designator=R33(RES - 0603)
Added Component: Designator=R34(RES - 0603)
Added Component: Designator=R35(RES - 0603)
Added Component: Designator=R36(RES - 0603)
Added Component: Designator=R37(RES - 0603)
Added Component: Designator=R38(RES - 0603)
Added Component: Designator=R39(RES - 0603)
Added Component: Designator=R40(RES - 0603)
Added Component: Designator=R41(RES - 0603)
Added Component: Designator=R42(RES - 0603)
Added Component: Designator=R43(RES - 0603)
Added Component: Designator=R44(RES - 0603)
Added Component: Designator=R45(RES - 0603)
Added Component: Designator=R46(RES - 0603)
Added Component: Designator=R47(RES - 0603)
Added Component: Designator=R48(RES - 0603)
Added Component: Designator=R49(RES - 0603)
Added Component: Designator=R50(RES - 0603)
Added Component: Designator=R51(RES - 0603)
Added Component: Designator=R52(RES - 0603)
Added Component: Designator=R53(RES - 0603)
Added Component: Designator=R54(RES - 0603)
Added Component: Designator=R55(RES - 0603)
Added Component: Designator=R56(RES - 0603)
Added Component: Designator=R57(RES - 0603)
Added Component: Designator=R58(RES - 0603)
Added Component: Designator=R59(RES - 0603)
Added Component: Designator=R60(RES - 0603)
Added Component: Designator=R61(RES - 0603)
Added Component: Designator=R62(RES - 0603)
Added Component: Designator=R63(RES - 0603)
Added Component: Designator=R64(RES - 0603)
Added Component: Designator=R65(RES - 0603)
Added Component: Designator=R66(RES - 0603)
Added Component: Designator=R67(RES - 0603)
Added Component: Designator=R68(RES - 0603)
Added Component: Designator=R69(RES - 0603)
Added Component: Designator=R70(RES - 0603)
Added Component: Designator=R71(RES - 0603)
Added Component: Designator=R72(RES - 0603)
Added Component: Designator=R73(RES - 0603)
Added Component: Designator=R74(RES - 0603)
Added Component: Designator=R75(RES - 0603)
Added Component: Designator=R76(RES - 2512)
Added Component: Designator=R77(RES - 0603)
Added Component: Designator=R78(RES - 0603)
Added Component: Designator=R79(RES - 2512)
Added Component: Designator=R80(RES - 0603)
Added Component: Designator=R81(RES - 0603)
Added Component: Designator=R82(RES - 2512)
Added Component: Designator=R83(RES - 2512)
Added Component: Designator=SW1(Dip_Switch_3_pins_0)
Added Component: Designator=SW2(SMD SWITCH 2 PINS)
Add component (AddParameter): Name = "Supplier 1"; Value = "Newark"; VariantName = "[No Variations]"
Add component (AddParameter): Name = "Supplier Part Number 1"; Value = "35AH5160"; VariantName = "[No Variations]"
Added Component: Designator=SW3(SMD - SW - 3Pins)
Added Component: Designator=SW4(SMD SWITCH 2 PINS)
Add component (AddParameter): Name = "Supplier 1"; Value = "Newark"; VariantName = "[No Variations]"
Add component (AddParameter): Name = "Supplier Part Number 1"; Value = "35AH5160"; VariantName = "[No Variations]"
Added Component: Designator=SW5(SMD - 12x12mm - Height 9.5mm)
Add component (AddParameter): Name = "Supplier 1"; Value = "Newark"; VariantName = "[No Variations]"
Add component (AddParameter): Name = "Supplier Part Number 1"; Value = "35AH5160"; VariantName = "[No Variations]"
Added Component: Designator=SW6(SMD - 12x12mm - Height 9.5mm)
Add component (AddParameter): Name = "Supplier 1"; Value = "Newark"; VariantName = "[No Variations]"
Add component (AddParameter): Name = "Supplier Part Number 1"; Value = "35AH5160"; VariantName = "[No Variations]"
Added Component: Designator=SW7(SMD - 12x12mm - Height 9.5mm)
Add component (AddParameter): Name = "Supplier 1"; Value = "Newark"; VariantName = "[No Variations]"
Add component (AddParameter): Name = "Supplier Part Number 1"; Value = "35AH5160"; VariantName = "[No Variations]"
Added Component: Designator=SW8(SMD SWITCH 2 PINS)
Add component (AddParameter): Name = "Supplier 1"; Value = "Newark"; VariantName = "[No Variations]"
Add component (AddParameter): Name = "Supplier Part Number 1"; Value = "35AH5160"; VariantName = "[No Variations]"
Added Component: Designator=SW9(SMD SWITCH 2 PINS)
Add component (AddParameter): Name = "Supplier 1"; Value = "Newark"; VariantName = "[No Variations]"
Add component (AddParameter): Name = "Supplier Part Number 1"; Value = "35AH5160"; VariantName = "[No Variations]"
Added Component: Designator=TP1(Test Point)
Add component (AddParameter): Name = "Supplier 1"; Value = "Digikey"; VariantName = "[No Variations]"
Add component (AddParameter): Name = "Supplier Part Number 1"; Value = "36-5014-ND"; VariantName = "[No Variations]"
Added Component: Designator=TP2(Test Point)
Add component (AddParameter): Name = "Supplier 1"; Value = "Digikey"; VariantName = "[No Variations]"
Add component (AddParameter): Name = "Supplier Part Number 1"; Value = "36-5014-ND"; VariantName = "[No Variations]"
Added Component: Designator=TP3(Test Point)
Add component (AddParameter): Name = "Supplier 1"; Value = "Digikey"; VariantName = "[No Variations]"
Add component (AddParameter): Name = "Supplier Part Number 1"; Value = "36-5014-ND"; VariantName = "[No Variations]"
Added Component: Designator=TP4(Test Point)
Add component (AddParameter): Name = "Supplier 1"; Value = "Digikey"; VariantName = "[No Variations]"
Add component (AddParameter): Name = "Supplier Part Number 1"; Value = "36-5014-ND"; VariantName = "[No Variations]"
Added Component: Designator=TP5(Test Point)
Add component (AddParameter): Name = "Supplier 1"; Value = "Digikey"; VariantName = "[No Variations]"
Add component (AddParameter): Name = "Supplier Part Number 1"; Value = "36-5014-ND"; VariantName = "[No Variations]"
Added Component: Designator=TP6(Test Point)
Add component (AddParameter): Name = "Supplier 1"; Value = "Digikey"; VariantName = "[No Variations]"
Add component (AddParameter): Name = "Supplier Part Number 1"; Value = "36-5014-ND"; VariantName = "[No Variations]"
Added Component: Designator=TP7(Test Point)
Add component (AddParameter): Name = "Supplier 1"; Value = "Digikey"; VariantName = "[No Variations]"
Add component (AddParameter): Name = "Supplier Part Number 1"; Value = "36-5014-ND"; VariantName = "[No Variations]"
Added Component: Designator=TP8(Test Point)
Add component (AddParameter): Name = "Supplier 1"; Value = "Digikey"; VariantName = "[No Variations]"
Add component (AddParameter): Name = "Supplier Part Number 1"; Value = "36-5014-ND"; VariantName = "[No Variations]"
Added Component: Designator=TP9(Test Point)
Add component (AddParameter): Name = "Supplier 1"; Value = "Digikey"; VariantName = "[No Variations]"
Add component (AddParameter): Name = "Supplier Part Number 1"; Value = "36-5014-ND"; VariantName = "[No Variations]"
Added Component: Designator=TP10(Test Point)
Add component (AddParameter): Name = "Supplier 1"; Value = "Digikey"; VariantName = "[No Variations]"
Add component (AddParameter): Name = "Supplier Part Number 1"; Value = "36-5014-ND"; VariantName = "[No Variations]"
Added Component: Designator=TP11(Test Point)
Add component (AddParameter): Name = "Supplier 1"; Value = "Digikey"; VariantName = "[No Variations]"
Add component (AddParameter): Name = "Supplier Part Number 1"; Value = "36-5014-ND"; VariantName = "[No Variations]"
Added Component: Designator=TP12(Test Point)
Add component (AddParameter): Name = "Supplier 1"; Value = "Digikey"; VariantName = "[No Variations]"
Add component (AddParameter): Name = "Supplier Part Number 1"; Value = "36-5014-ND"; VariantName = "[No Variations]"
Added Component: Designator=TP13(Test Point)
Add component (AddParameter): Name = "Supplier 1"; Value = "Digikey"; VariantName = "[No Variations]"
Add component (AddParameter): Name = "Supplier Part Number 1"; Value = "36-5014-ND"; VariantName = "[No Variations]"
Added Component: Designator=TP14(Test Point)
Add component (AddParameter): Name = "Supplier 1"; Value = "Digikey"; VariantName = "[No Variations]"
Add component (AddParameter): Name = "Supplier Part Number 1"; Value = "36-5014-ND"; VariantName = "[No Variations]"
Added Component: Designator=TP15(Test Point)
Add component (AddParameter): Name = "Supplier 1"; Value = "Digikey"; VariantName = "[No Variations]"
Add component (AddParameter): Name = "Supplier Part Number 1"; Value = "36-5014-ND"; VariantName = "[No Variations]"
Added Component: Designator=U1(TPS5430)
Added Component: Designator=U2(SOP_8)
Added Component: Designator=U3(B0505S/1W)
Added Component: Designator=U4(LQFP-48)
Added Component: Designator=U5(SOP_8)
Added Component: Designator=U6(SOP-4)
Added Component: Designator=U7(SOP-4)
Added Component: Designator=U8(SOP-4)
Added Component: Designator=U9(SOP-4)
Added Component: Designator=U10(SOP_8)
Added Component: Designator=U11(SOP-4)
Added Component: Designator=U12(SOP-4)
Added Component: Designator=U13(SOIC-8)
Added Component: Designator=U14(SOIC -16)
Added Component: Designator=U16(SOIC127P600X180-16N)
Added Component: Designator=USB1(Type-C-16Pins)
Added Component: Designator=VBAT1(CR2032 - SMD)
Added Component: Designator=VR1(VR 3x3)
Add Component: Footprint Not Found CRYSTAL 8MHz
Added Pin To Net: NetName=+3.3V_RJ45 Pin=C18-2
Added Pin To Net: NetName=+3.3V_RJ45 Pin=C19-2
Added Pin To Net: NetName=+3.3V_RJ45 Pin=C20-2
Added Pin To Net: NetName=+3.3V_RJ45 Pin=C21-2
Added Pin To Net: NetName=+3.3V_RJ45 Pin=C22-2
Added Pin To Net: NetName=+3.3V_RJ45 Pin=C23-2
Added Pin To Net: NetName=+3.3V_RJ45 Pin=FR1-2
Added Pin To Net: NetName=+3.3V_RJ45 Pin=R8-1
Added Pin To Net: NetName=+3.3V_RJ45 Pin=R16-2
Added Pin To Net: NetName=+3.3V_RJ45 Pin=R17-2
Added Pin To Net: NetName=+3.3V_RJ45 Pin=R19-1
Added Pin To Net: NetName=+3.3V_RJ45 Pin=U4-4
Added Pin To Net: NetName=+3.3V_RJ45 Pin=U4-8
Added Pin To Net: NetName=+3.3V_RJ45 Pin=U4-11
Added Pin To Net: NetName=+3.3V_RJ45 Pin=U4-15
Added Pin To Net: NetName=+3.3V_RJ45 Pin=U4-17
Added Pin To Net: NetName=+3.3V_RJ45 Pin=U4-21
Added Net: Name=+3.3V_RJ45
Added Pin To Net: NetName=+3.3V Pin=C3-1
Added Pin To Net: NetName=+3.3V Pin=C4-1
Added Pin To Net: NetName=+3.3V Pin=C11-1
Added Pin To Net: NetName=+3.3V Pin=C16-2
Added Pin To Net: NetName=+3.3V Pin=C17-2
Added Pin To Net: NetName=+3.3V Pin=C35-2
Added Pin To Net: NetName=+3.3V Pin=C36-2
Added Pin To Net: NetName=+3.3V Pin=C52-2
Added Pin To Net: NetName=+3.3V Pin=C53-2
Added Pin To Net: NetName=+3.3V Pin=C54-2
Added Pin To Net: NetName=+3.3V Pin=C55-2
Added Pin To Net: NetName=+3.3V Pin=FR1-1
Added Pin To Net: NetName=+3.3V Pin=L2-2
Added Pin To Net: NetName=+3.3V Pin=Q1-1
Added Pin To Net: NetName=+3.3V Pin=Q2-1
Added Pin To Net: NetName=+3.3V Pin=Q3-1
Added Pin To Net: NetName=+3.3V Pin=Q4-1
Added Pin To Net: NetName=+3.3V Pin=Q5-1
Added Pin To Net: NetName=+3.3V Pin=R2-1
Added Pin To Net: NetName=+3.3V Pin=R9-1
Added Pin To Net: NetName=+3.3V Pin=R10-2
Added Pin To Net: NetName=+3.3V Pin=R11-2
Added Pin To Net: NetName=+3.3V Pin=R25-1
Added Pin To Net: NetName=+3.3V Pin=R26-2
Added Pin To Net: NetName=+3.3V Pin=R27-2
Added Pin To Net: NetName=+3.3V Pin=R28-2
Added Pin To Net: NetName=+3.3V Pin=R31-1
Added Pin To Net: NetName=+3.3V Pin=R32-1
Added Pin To Net: NetName=+3.3V Pin=R34-2
Added Pin To Net: NetName=+3.3V Pin=R36-2
Added Pin To Net: NetName=+3.3V Pin=R40-2
Added Pin To Net: NetName=+3.3V Pin=R42-2
Added Pin To Net: NetName=+3.3V Pin=R45-2
Added Pin To Net: NetName=+3.3V Pin=R47-2
Added Pin To Net: NetName=+3.3V Pin=R57-2
Added Pin To Net: NetName=+3.3V Pin=R58-2
Added Pin To Net: NetName=+3.3V Pin=R62-1
Added Pin To Net: NetName=+3.3V Pin=R63-2
Added Pin To Net: NetName=+3.3V Pin=R64-2
Added Pin To Net: NetName=+3.3V Pin=R65-2
Added Pin To Net: NetName=+3.3V Pin=R66-2
Added Pin To Net: NetName=+3.3V Pin=R67-2
Added Pin To Net: NetName=+3.3V Pin=R71-2
Added Pin To Net: NetName=+3.3V Pin=R73-2
Added Pin To Net: NetName=+3.3V Pin=R74-2
Added Pin To Net: NetName=+3.3V Pin=R77-1
Added Pin To Net: NetName=+3.3V Pin=R78-1
Added Pin To Net: NetName=+3.3V Pin=TP5-1
Added Pin To Net: NetName=+3.3V Pin=TP14-1
Added Pin To Net: NetName=+3.3V Pin=TP15-1
Added Pin To Net: NetName=+3.3V Pin=U2-3
Added Pin To Net: NetName=+3.3V Pin=U4-28
Added Pin To Net: NetName=+3.3V Pin=U14-2
Added Pin To Net: NetName=+3.3V Pin=U16-16
Added Net: Name=+3.3V
Added Pin To Net: NetName=+5V_RS485 Pin=C14-1
Added Pin To Net: NetName=+5V_RS485 Pin=C31-1
Added Pin To Net: NetName=+5V_RS485 Pin=C32-1
Added Pin To Net: NetName=+5V_RS485 Pin=C33-1
Added Pin To Net: NetName=+5V_RS485 Pin=C34-1
Added Pin To Net: NetName=+5V_RS485 Pin=R33-2
Added Pin To Net: NetName=+5V_RS485 Pin=R35-2
Added Pin To Net: NetName=+5V_RS485 Pin=R37-2
Added Pin To Net: NetName=+5V_RS485 Pin=R41-2
Added Pin To Net: NetName=+5V_RS485 Pin=R43-2
Added Pin To Net: NetName=+5V_RS485 Pin=R44-2
Added Pin To Net: NetName=+5V_RS485 Pin=R46-2
Added Pin To Net: NetName=+5V_RS485 Pin=R48-2
Added Pin To Net: NetName=+5V_RS485 Pin=R55-1
Added Pin To Net: NetName=+5V_RS485 Pin=R56-1
Added Pin To Net: NetName=+5V_RS485 Pin=TP7-1
Added Pin To Net: NetName=+5V_RS485 Pin=TP11-1
Added Pin To Net: NetName=+5V_RS485 Pin=U3-3
Added Pin To Net: NetName=+5V_RS485 Pin=U5-8
Added Pin To Net: NetName=+5V_RS485 Pin=U10-8
Added Net: Name=+5V_RS485
Added Pin To Net: NetName=+5V Pin=C1-1
Added Pin To Net: NetName=+5V Pin=C2-1
Added Pin To Net: NetName=+5V Pin=C9-1
Added Pin To Net: NetName=+5V Pin=C10-1
Added Pin To Net: NetName=+5V Pin=C12-1
Added Pin To Net: NetName=+5V Pin=C13-1
Added Pin To Net: NetName=+5V Pin=C37-2
Added Pin To Net: NetName=+5V Pin=C38-2
Added Pin To Net: NetName=+5V Pin=C42-2
Added Pin To Net: NetName=+5V Pin=C43-2
Added Pin To Net: NetName=+5V Pin=D5-2
Added Pin To Net: NetName=+5V Pin=L1-2
Added Pin To Net: NetName=+5V Pin=LCD1-2
Added Pin To Net: NetName=+5V Pin=LCD1-15
Added Pin To Net: NetName=+5V Pin=R1-1
Added Pin To Net: NetName=+5V Pin=R5-1
Added Pin To Net: NetName=+5V Pin=R59-2
Added Pin To Net: NetName=+5V Pin=R60-2
Added Pin To Net: NetName=+5V Pin=R61-1
Added Pin To Net: NetName=+5V Pin=R68-2
Added Pin To Net: NetName=+5V Pin=R69-2
Added Pin To Net: NetName=+5V Pin=R70-2
Added Pin To Net: NetName=+5V Pin=TP6-1
Added Pin To Net: NetName=+5V Pin=U2-1
Added Pin To Net: NetName=+5V Pin=U3-2
Added Pin To Net: NetName=+5V Pin=U13-8
Added Pin To Net: NetName=+5V Pin=VR1-1
Added Net: Name=+5V
Added Pin To Net: NetName=+VCC Pin=C6-1
Added Pin To Net: NetName=+VCC Pin=C7-1
Added Pin To Net: NetName=+VCC Pin=C8-1
Added Pin To Net: NetName=+VCC Pin=Fuse1-2
Added Pin To Net: NetName=+VCC Pin=R3-1
Added Pin To Net: NetName=+VCC Pin=R4-1
Added Pin To Net: NetName=+VCC Pin=TP8-1
Added Pin To Net: NetName=+VCC Pin=U1-7
Added Net: Name=+VCC
Added Pin To Net: NetName=3V3_SCL Pin=Q1-2
Added Pin To Net: NetName=3V3_SCL Pin=R58-1
Added Pin To Net: NetName=3V3_SCL Pin=R64-1
Added Pin To Net: NetName=3V3_SCL Pin=U14-16
Added Net: Name=3V3_SCL
Added Pin To Net: NetName=3V3_SDA Pin=Q2-2
Added Pin To Net: NetName=3V3_SDA Pin=R57-1
Added Pin To Net: NetName=3V3_SDA Pin=R63-1
Added Pin To Net: NetName=3V3_SDA Pin=U14-15
Added Net: Name=3V3_SDA
Added Pin To Net: NetName=A1 Pin=F2-2
Added Pin To Net: NetName=A1 Pin=KF1-1
Added Net: Name=A1
Added Pin To Net: NetName=A2 Pin=F4-2
Added Pin To Net: NetName=A2 Pin=KF2-1
Added Net: Name=A2
Added Pin To Net: NetName=B1 Pin=F1-2
Added Pin To Net: NetName=B1 Pin=KF1-2
Added Net: Name=B1
Added Pin To Net: NetName=B2 Pin=F3-2
Added Pin To Net: NetName=B2 Pin=KF2-2
Added Net: Name=B2
Added Pin To Net: NetName=DATA_D_N Pin=D6-3
Added Pin To Net: NetName=DATA_D_N Pin=D6-4
Added Pin To Net: NetName=DATA_D_N Pin=U16-6
Added Pin To Net: NetName=DATA_D_N Pin=USB1-A7
Added Pin To Net: NetName=DATA_D_N Pin=USB1-B7
Added Net: Name=DATA_D_N
Added Pin To Net: NetName=DATA_D_P Pin=D6-1
Added Pin To Net: NetName=DATA_D_P Pin=D6-6
Added Pin To Net: NetName=DATA_D_P Pin=U16-5
Added Pin To Net: NetName=DATA_D_P Pin=USB1-A6
Added Pin To Net: NetName=DATA_D_P Pin=USB1-B6
Added Net: Name=DATA_D_P
Added Pin To Net: NetName=DEBUG_EN Pin=C57-2
Added Pin To Net: NetName=DEBUG_EN Pin=R74-1
Added Pin To Net: NetName=DEBUG_EN Pin=R75-1
Added Pin To Net: NetName=DEBUG_EN Pin=SW8-2
Added Net: Name=DEBUG_EN
Added Pin To Net: NetName=DEBUG_FLASH Pin=C58-2
Added Pin To Net: NetName=DEBUG_FLASH Pin=R80-1
Added Pin To Net: NetName=DEBUG_FLASH Pin=SW9-2
Added Net: Name=DEBUG_FLASH
Added Pin To Net: NetName=DEBUG_RXD0 Pin=U16-3
Added Net: Name=DEBUG_RXD0
Added Pin To Net: NetName=DEBUG_TXD0 Pin=U16-2
Added Net: Name=DEBUG_TXD0
Added Pin To Net: NetName=DI1 Pin=R46-1
Added Pin To Net: NetName=DI1 Pin=U5-4
Added Pin To Net: NetName=DI1 Pin=U11-4
Added Net: Name=DI1
Added Pin To Net: NetName=DI2 Pin=R48-1
Added Pin To Net: NetName=DI2 Pin=U10-4
Added Pin To Net: NetName=DI2 Pin=U12-4
Added Net: Name=DI2
Added Pin To Net: NetName=DTR Pin=Q7-2
Added Pin To Net: NetName=DTR Pin=R76-1
Added Pin To Net: NetName=DTR Pin=U16-13
Added Net: Name=DTR
Added Pin To Net: NetName=EEPR_SCL Pin=Q1-3
Added Pin To Net: NetName=EEPR_SCL Pin=R59-1
Added Pin To Net: NetName=EEPR_SCL Pin=U13-6
Added Net: Name=EEPR_SCL
Added Pin To Net: NetName=EEPR_SDA Pin=Q2-3
Added Pin To Net: NetName=EEPR_SDA Pin=R60-1
Added Pin To Net: NetName=EEPR_SDA Pin=U13-5
Added Net: Name=EEPR_SDA
Added Pin To Net: NetName=EN1_RS485 Pin=U8-2
Added Net: Name=EN1_RS485
Added Pin To Net: NetName=EN1 Pin=R41-1
Added Pin To Net: NetName=EN1 Pin=TP13-1
Added Pin To Net: NetName=EN1 Pin=U5-2
Added Pin To Net: NetName=EN1 Pin=U5-3
Added Pin To Net: NetName=EN1 Pin=U8-4
Added Net: Name=EN1
Added Pin To Net: NetName=EN2_RS485 Pin=U9-2
Added Net: Name=EN2_RS485
Added Pin To Net: NetName=EN2 Pin=R43-1
Added Pin To Net: NetName=EN2 Pin=TP12-1
Added Pin To Net: NetName=EN2 Pin=U9-4
Added Pin To Net: NetName=EN2 Pin=U10-2
Added Pin To Net: NetName=EN2 Pin=U10-3
Added Net: Name=EN2
Added Pin To Net: NetName=ENC_CLK Pin=C47-2
Added Pin To Net: NetName=ENC_CLK Pin=C48-2
Added Pin To Net: NetName=ENC_CLK Pin=EN1-A
Added Pin To Net: NetName=ENC_CLK Pin=Q4-3
Added Pin To Net: NetName=ENC_CLK Pin=R69-1
Added Net: Name=ENC_CLK
Added Pin To Net: NetName=ENC_DATA Pin=EN1-B
Added Pin To Net: NetName=ENC_DATA Pin=Q5-3
Added Pin To Net: NetName=ENC_DATA Pin=R70-1
Added Net: Name=ENC_DATA
Added Pin To Net: NetName=ENC_SW Pin=C46-2
Added Pin To Net: NetName=ENC_SW Pin=EN1-E
Added Pin To Net: NetName=ENC_SW Pin=Q3-3
Added Pin To Net: NetName=ENC_SW Pin=R68-1
Added Net: Name=ENC_SW
Added Pin To Net: NetName=GND_RJ45 Pin=C15-2
Added Pin To Net: NetName=GND_RJ45 Pin=COM1-8
Added Pin To Net: NetName=GND_RJ45 Pin=COM1-15
Added Pin To Net: NetName=GND_RJ45 Pin=COM1-16
Added Net: Name=GND_RJ45
Added Pin To Net: NetName=GND_RS485 Pin=C14-2
Added Pin To Net: NetName=GND_RS485 Pin=C31-2
Added Pin To Net: NetName=GND_RS485 Pin=C32-2
Added Pin To Net: NetName=GND_RS485 Pin=C33-2
Added Pin To Net: NetName=GND_RS485 Pin=C34-2
Added Pin To Net: NetName=GND_RS485 Pin=D3-3
Added Pin To Net: NetName=GND_RS485 Pin=D4-3
Added Pin To Net: NetName=GND_RS485 Pin=LED10-2
Added Pin To Net: NetName=GND_RS485 Pin=LED11-2
Added Pin To Net: NetName=GND_RS485 Pin=R39-1
Added Pin To Net: NetName=GND_RS485 Pin=R50-1
Added Pin To Net: NetName=GND_RS485 Pin=TP3-1
Added Pin To Net: NetName=GND_RS485 Pin=TP9-1
Added Pin To Net: NetName=GND_RS485 Pin=TP10-1
Added Pin To Net: NetName=GND_RS485 Pin=U3-4
Added Pin To Net: NetName=GND_RS485 Pin=U5-5
Added Pin To Net: NetName=GND_RS485 Pin=U8-3
Added Pin To Net: NetName=GND_RS485 Pin=U9-3
Added Pin To Net: NetName=GND_RS485 Pin=U10-5
Added Pin To Net: NetName=GND_RS485 Pin=U11-3
Added Pin To Net: NetName=GND_RS485 Pin=U12-3
Added Net: Name=GND_RS485
Added Pin To Net: NetName=GND Pin=C1-2
Added Pin To Net: NetName=GND Pin=C2-2
Added Pin To Net: NetName=GND Pin=C3-2
Added Pin To Net: NetName=GND Pin=C4-2
Added Pin To Net: NetName=GND Pin=C6-2
Added Pin To Net: NetName=GND Pin=C7-2
Added Pin To Net: NetName=GND Pin=C8-2
Added Pin To Net: NetName=GND Pin=C9-2
Added Pin To Net: NetName=GND Pin=C10-2
Added Pin To Net: NetName=GND Pin=C11-2
Added Pin To Net: NetName=GND Pin=C12-2
Added Pin To Net: NetName=GND Pin=C13-2
Added Pin To Net: NetName=GND Pin=C15-1
Added Pin To Net: NetName=GND Pin=C16-1
Added Pin To Net: NetName=GND Pin=C17-1
Added Pin To Net: NetName=GND Pin=C18-1
Added Pin To Net: NetName=GND Pin=C19-1
Added Pin To Net: NetName=GND Pin=C20-1
Added Pin To Net: NetName=GND Pin=C21-1
Added Pin To Net: NetName=GND Pin=C22-1
Added Pin To Net: NetName=GND Pin=C23-1
Added Pin To Net: NetName=GND Pin=C24-1
Added Pin To Net: NetName=GND Pin=C25-1
Added Pin To Net: NetName=GND Pin=C26-1
Added Pin To Net: NetName=GND Pin=C27-1
Added Pin To Net: NetName=GND Pin=C28-1
Added Pin To Net: NetName=GND Pin=C29-1
Added Pin To Net: NetName=GND Pin=C30-1
Added Pin To Net: NetName=GND Pin=C35-1
Added Pin To Net: NetName=GND Pin=C36-1
Added Pin To Net: NetName=GND Pin=C37-1
Added Pin To Net: NetName=GND Pin=C38-1
Added Pin To Net: NetName=GND Pin=C39-1
Added Pin To Net: NetName=GND Pin=C40-1
Added Pin To Net: NetName=GND Pin=C41-1
Added Pin To Net: NetName=GND Pin=C42-1
Added Pin To Net: NetName=GND Pin=C43-1
Added Pin To Net: NetName=GND Pin=C44-1
Added Pin To Net: NetName=GND Pin=C45-1
Added Pin To Net: NetName=GND Pin=C46-1
Added Pin To Net: NetName=GND Pin=C47-1
Added Pin To Net: NetName=GND Pin=C48-1
Added Pin To Net: NetName=GND Pin=C49-1
Added Pin To Net: NetName=GND Pin=C50-1
Added Pin To Net: NetName=GND Pin=C51-1
Added Pin To Net: NetName=GND Pin=C52-1
Added Pin To Net: NetName=GND Pin=C53-1
Added Pin To Net: NetName=GND Pin=C54-1
Added Pin To Net: NetName=GND Pin=C55-1
Added Pin To Net: NetName=GND Pin=C56-1
Added Pin To Net: NetName=GND Pin=C57-1
Added Pin To Net: NetName=GND Pin=C58-1
Added Pin To Net: NetName=GND Pin=D1-1
Added Pin To Net: NetName=GND Pin=D2-1
Added Pin To Net: NetName=GND Pin=D6-2
Added Pin To Net: NetName=GND Pin=DC1-2
Added Pin To Net: NetName=GND Pin=DC1-3
Added Pin To Net: NetName=GND Pin=EN1-C
Added Pin To Net: NetName=GND Pin=EN1-D
Added Pin To Net: NetName=GND Pin=LCD1-1
Added Pin To Net: NetName=GND Pin=LCD1-5
Added Pin To Net: NetName=GND Pin=LCD1-16
Added Pin To Net: NetName=GND Pin=LED1-2
Added Pin To Net: NetName=GND Pin=LED2-2
Added Pin To Net: NetName=GND Pin=LED3-2
Added Pin To Net: NetName=GND Pin=LED4-2
Added Pin To Net: NetName=GND Pin=LED5-2
Added Pin To Net: NetName=GND Pin=LED12-2
Added Pin To Net: NetName=GND Pin=LED13-2
Added Pin To Net: NetName=GND Pin=LED14-2
Added Pin To Net: NetName=GND Pin=LED15-2
Added Pin To Net: NetName=GND Pin=R6-2
Added Pin To Net: NetName=GND Pin=R7-2
Added Pin To Net: NetName=GND Pin=R15-1
Added Pin To Net: NetName=GND Pin=R51-1
Added Pin To Net: NetName=GND Pin=R52-1
Added Pin To Net: NetName=GND Pin=R53-1
Added Pin To Net: NetName=GND Pin=R54-1
Added Pin To Net: NetName=GND Pin=R82-2
Added Pin To Net: NetName=GND Pin=R83-2
Added Pin To Net: NetName=GND Pin=SW2-1
Added Pin To Net: NetName=GND Pin=SW3-1_1
Added Pin To Net: NetName=GND Pin=SW3-2_1
Added Pin To Net: NetName=GND Pin=SW3-3_1
Added Pin To Net: NetName=GND Pin=SW4-1
Added Pin To Net: NetName=GND Pin=SW5-1
Added Pin To Net: NetName=GND Pin=SW6-1
Added Pin To Net: NetName=GND Pin=SW7-1
Added Pin To Net: NetName=GND Pin=SW8-1
Added Pin To Net: NetName=GND Pin=SW9-1
Added Pin To Net: NetName=GND Pin=TP1-1
Added Pin To Net: NetName=GND Pin=TP2-1
Added Pin To Net: NetName=GND Pin=U1-6
Added Pin To Net: NetName=GND Pin=U1-9
Added Pin To Net: NetName=GND Pin=U2-4
Added Pin To Net: NetName=GND Pin=U2-5
Added Pin To Net: NetName=GND Pin=U2-6
Added Pin To Net: NetName=GND Pin=U2-7
Added Pin To Net: NetName=GND Pin=U3-1
Added Pin To Net: NetName=GND Pin=U4-3
Added Pin To Net: NetName=GND Pin=U4-9
Added Pin To Net: NetName=GND Pin=U4-14
Added Pin To Net: NetName=GND Pin=U4-16
Added Pin To Net: NetName=GND Pin=U4-19
Added Pin To Net: NetName=GND Pin=U4-29
Added Pin To Net: NetName=GND Pin=U4-48
Added Pin To Net: NetName=GND Pin=U6-3
Added Pin To Net: NetName=GND Pin=U7-3
Added Pin To Net: NetName=GND Pin=U13-1
Added Pin To Net: NetName=GND Pin=U13-2
Added Pin To Net: NetName=GND Pin=U13-3
Added Pin To Net: NetName=GND Pin=U13-4
Added Pin To Net: NetName=GND Pin=U13-7
Added Pin To Net: NetName=GND Pin=U14-13
Added Pin To Net: NetName=GND Pin=U16-1
Added Pin To Net: NetName=GND Pin=VBAT1-N
Added Pin To Net: NetName=GND Pin=VR1-3
Added Pin To Net: NetName=GND Pin=USB1-A1
Added Pin To Net: NetName=GND Pin=USB1-B1
Added Pin To Net: NetName=GND Pin=USB1-SHIELD
Added Pin To Net: NetName=GND Pin=USB1-SHIELD
Added Pin To Net: NetName=GND Pin=USB1-SHIELD
Added Pin To Net: NetName=GND Pin=USB1-SHIELD
Added Pin To Net: NetName=GND Pin=USB1-SHIELD
Added Pin To Net: NetName=GND Pin=USB1-SHIELD
Added Net: Name=GND
Added Pin To Net: NetName=LED1 Pin=COM1-11
Added Pin To Net: NetName=LED1 Pin=U4-27
Added Net: Name=LED1
Added Pin To Net: NetName=LED2 Pin=COM1-10
Added Pin To Net: NetName=LED2 Pin=U4-25
Added Net: Name=LED2
Added Pin To Net: NetName=NetC5_1 Pin=C5-1
Added Pin To Net: NetName=NetC5_1 Pin=U1-1
Added Net: Name=NetC5_1
Added Pin To Net: NetName=NetC5_2 Pin=C5-2
Added Pin To Net: NetName=NetC5_2 Pin=D2-2
Added Pin To Net: NetName=NetC5_2 Pin=L1-1
Added Pin To Net: NetName=NetC5_2 Pin=U1-8
Added Net: Name=NetC5_2
Added Pin To Net: NetName=NetC24_2 Pin=C24-2
Added Pin To Net: NetName=NetC24_2 Pin=U4-22
Added Net: Name=NetC24_2
Added Pin To Net: NetName=NetC25_2 Pin=C25-2
Added Pin To Net: NetName=NetC25_2 Pin=U4-20
Added Net: Name=NetC25_2
Added Pin To Net: NetName=NetC26_2 Pin=C26-2
Added Pin To Net: NetName=NetC26_2 Pin=COM1-5
Added Pin To Net: NetName=NetC26_2 Pin=R20-1
Added Pin To Net: NetName=NetC26_2 Pin=R21-1
Added Net: Name=NetC26_2
Added Pin To Net: NetName=NetC27_2 Pin=C27-2
Added Pin To Net: NetName=NetC27_2 Pin=COM1-4
Added Pin To Net: NetName=NetC27_2 Pin=R19-2
Added Net: Name=NetC27_2
Added Pin To Net: NetName=NetC29_2 Pin=C29-2
Added Pin To Net: NetName=NetC29_2 Pin=R30-2
Added Net: Name=NetC29_2
Added Pin To Net: NetName=NetC44_2 Pin=C44-2
Added Pin To Net: NetName=NetC44_2 Pin=R65-1
Added Pin To Net: NetName=NetC44_2 Pin=SW5-2
Added Net: Name=NetC44_2
Added Pin To Net: NetName=NetC45_2 Pin=C45-2
Added Pin To Net: NetName=NetC45_2 Pin=R66-1
Added Pin To Net: NetName=NetC45_2 Pin=SW6-2
Added Net: Name=NetC45_2
Added Pin To Net: NetName=NetC49_2 Pin=C49-2
Added Pin To Net: NetName=NetC49_2 Pin=SW7-2
Added Net: Name=NetC49_2
Added Pin To Net: NetName=NetC56_2 Pin=C56-2
Added Pin To Net: NetName=NetC56_2 Pin=U16-4
Added Net: Name=NetC56_2
Added Pin To Net: NetName=NetCOM1_1 Pin=COM1-1
Added Pin To Net: NetName=NetCOM1_1 Pin=R17-1
Added Pin To Net: NetName=NetCOM1_1 Pin=R24-2
Added Net: Name=NetCOM1_1
Added Pin To Net: NetName=NetCOM1_2 Pin=COM1-2
Added Pin To Net: NetName=NetCOM1_2 Pin=R16-1
Added Pin To Net: NetName=NetCOM1_2 Pin=R23-2
Added Net: Name=NetCOM1_2
Added Pin To Net: NetName=NetCOM1_3 Pin=COM1-3
Added Pin To Net: NetName=NetCOM1_3 Pin=R21-2
Added Pin To Net: NetName=NetCOM1_3 Pin=R22-2
Added Net: Name=NetCOM1_3
Added Pin To Net: NetName=NetCOM1_6 Pin=COM1-6
Added Pin To Net: NetName=NetCOM1_6 Pin=R18-2
Added Pin To Net: NetName=NetCOM1_6 Pin=R20-2
Added Net: Name=NetCOM1_6
Added Pin To Net: NetName=NetCOM1_9 Pin=COM1-9
Added Pin To Net: NetName=NetCOM1_9 Pin=R25-2
Added Net: Name=NetCOM1_9
Added Pin To Net: NetName=NetCOM1_12 Pin=COM1-12
Added Pin To Net: NetName=NetCOM1_12 Pin=R32-2
Added Net: Name=NetCOM1_12
Added Pin To Net: NetName=NetD1_2 Pin=D1-2
Added Pin To Net: NetName=NetD1_2 Pin=L2-1
Added Pin To Net: NetName=NetD1_2 Pin=U2-2
Added Net: Name=NetD1_2
Added Pin To Net: NetName=NetD3_1 Pin=D3-1
Added Pin To Net: NetName=NetD3_1 Pin=F2-1
Added Pin To Net: NetName=NetD3_1 Pin=R38-1
Added Pin To Net: NetName=NetD3_1 Pin=R39-2
Added Pin To Net: NetName=NetD3_1 Pin=U5-6
Added Net: Name=NetD3_1
Added Pin To Net: NetName=NetD3_2 Pin=D3-2
Added Pin To Net: NetName=NetD3_2 Pin=F1-1
Added Pin To Net: NetName=NetD3_2 Pin=R33-1
Added Pin To Net: NetName=NetD3_2 Pin=R38-2
Added Pin To Net: NetName=NetD3_2 Pin=U5-7
Added Net: Name=NetD3_2
Added Pin To Net: NetName=NetD4_1 Pin=D4-1
Added Pin To Net: NetName=NetD4_1 Pin=F4-1
Added Pin To Net: NetName=NetD4_1 Pin=R49-1
Added Pin To Net: NetName=NetD4_1 Pin=R50-2
Added Pin To Net: NetName=NetD4_1 Pin=U10-6
Added Net: Name=NetD4_1
Added Pin To Net: NetName=NetD4_2 Pin=D4-2
Added Pin To Net: NetName=NetD4_2 Pin=F3-1
Added Pin To Net: NetName=NetD4_2 Pin=R44-1
Added Pin To Net: NetName=NetD4_2 Pin=R49-2
Added Pin To Net: NetName=NetD4_2 Pin=U10-7
Added Net: Name=NetD4_2
Added Pin To Net: NetName=NetDC1_1 Pin=DC1-1
Added Pin To Net: NetName=NetDC1_1 Pin=SW1-2
Added Net: Name=NetDC1_1
Added Pin To Net: NetName=NetFuse1_1 Pin=Fuse1-1
Added Pin To Net: NetName=NetFuse1_1 Pin=SW1-1
Added Net: Name=NetFuse1_1
Added Pin To Net: NetName=NetLCD1_3 Pin=LCD1-3
Added Pin To Net: NetName=NetLCD1_3 Pin=VR1-2
Added Net: Name=NetLCD1_3
Added Pin To Net: NetName=NetLCD1_4 Pin=LCD1-4
Added Net: Name=NetLCD1_4
Added Pin To Net: NetName=NetLCD1_6 Pin=LCD1-6
Added Net: Name=NetLCD1_6
Added Pin To Net: NetName=NetLCD1_11 Pin=LCD1-11
Added Net: Name=NetLCD1_11
Added Pin To Net: NetName=NetLCD1_12 Pin=LCD1-12
Added Net: Name=NetLCD1_12
Added Pin To Net: NetName=NetLCD1_13 Pin=LCD1-13
Added Net: Name=NetLCD1_13
Added Pin To Net: NetName=NetLCD1_14 Pin=LCD1-14
Added Net: Name=NetLCD1_14
Added Pin To Net: NetName=NetLED1_1 Pin=LED1-1
Added Pin To Net: NetName=NetLED1_1 Pin=R1-2
Added Net: Name=NetLED1_1
Added Pin To Net: NetName=NetLED2_1 Pin=LED2-1
Added Pin To Net: NetName=NetLED2_1 Pin=R2-2
Added Net: Name=NetLED2_1
Added Pin To Net: NetName=NetLED3_1 Pin=LED3-1
Added Pin To Net: NetName=NetLED3_1 Pin=R3-2
Added Net: Name=NetLED3_1
Added Pin To Net: NetName=NetLED4_1 Pin=LED4-1
Added Pin To Net: NetName=NetLED4_1 Pin=R8-2
Added Net: Name=NetLED4_1
Added Pin To Net: NetName=NetLED5_1 Pin=LED5-1
Added Pin To Net: NetName=NetLED5_1 Pin=R9-2
Added Net: Name=NetLED5_1
Added Pin To Net: NetName=NetLED6_2 Pin=LED6-2
Added Pin To Net: NetName=NetLED6_2 Pin=R51-2
Added Net: Name=NetLED6_2
Added Pin To Net: NetName=NetLED7_2 Pin=LED7-2
Added Pin To Net: NetName=NetLED7_2 Pin=R52-2
Added Net: Name=NetLED7_2
Added Pin To Net: NetName=NetLED8_2 Pin=LED8-2
Added Pin To Net: NetName=NetLED8_2 Pin=R53-2
Added Net: Name=NetLED8_2
Added Pin To Net: NetName=NetLED9_2 Pin=LED9-2
Added Pin To Net: NetName=NetLED9_2 Pin=R54-2
Added Net: Name=NetLED9_2
Added Pin To Net: NetName=NetLED10_1 Pin=LED10-1
Added Pin To Net: NetName=NetLED10_1 Pin=R55-2
Added Net: Name=NetLED10_1
Added Pin To Net: NetName=NetLED11_1 Pin=LED11-1
Added Pin To Net: NetName=NetLED11_1 Pin=R56-2
Added Net: Name=NetLED11_1
Added Pin To Net: NetName=NetLED12_1 Pin=LED12-1
Added Pin To Net: NetName=NetLED12_1 Pin=R61-2
Added Net: Name=NetLED12_1
Added Pin To Net: NetName=NetLED13_1 Pin=LED13-1
Added Pin To Net: NetName=NetLED13_1 Pin=R62-2
Added Net: Name=NetLED13_1
Added Pin To Net: NetName=NetLED14_1 Pin=LED14-1
Added Pin To Net: NetName=NetLED14_1 Pin=R77-2
Added Net: Name=NetLED14_1
Added Pin To Net: NetName=NetLED15_1 Pin=LED15-1
Added Pin To Net: NetName=NetLED15_1 Pin=R78-2
Added Net: Name=NetLED15_1
Added Pin To Net: NetName=NetQ3_2 Pin=Q3-2
Added Pin To Net: NetName=NetQ3_2 Pin=R67-1
Added Net: Name=NetQ3_2
Added Pin To Net: NetName=NetQ4_2 Pin=Q4-2
Added Pin To Net: NetName=NetQ4_2 Pin=R71-1
Added Net: Name=NetQ4_2
Added Pin To Net: NetName=NetQ5_2 Pin=Q5-2
Added Pin To Net: NetName=NetQ5_2 Pin=R73-1
Added Net: Name=NetQ5_2
Added Pin To Net: NetName=NetQ6_1 Pin=Q6-1
Added Pin To Net: NetName=NetQ6_1 Pin=R76-2
Added Net: Name=NetQ6_1
Added Pin To Net: NetName=NetQ6_3 Pin=Q6-3
Added Pin To Net: NetName=NetQ6_3 Pin=R75-2
Added Net: Name=NetQ6_3
Added Pin To Net: NetName=NetQ7_1 Pin=Q7-1
Added Pin To Net: NetName=NetQ7_1 Pin=R79-2
Added Net: Name=NetQ7_1
Added Pin To Net: NetName=NetQ7_3 Pin=Q7-3
Added Pin To Net: NetName=NetQ7_3 Pin=R80-2
Added Net: Name=NetQ7_3
Added Pin To Net: NetName=NetR4_2 Pin=R4-2
Added Pin To Net: NetName=NetR4_2 Pin=R6-1
Added Pin To Net: NetName=NetR4_2 Pin=U1-5
Added Net: Name=NetR4_2
Added Pin To Net: NetName=NetR5_2 Pin=R5-2
Added Pin To Net: NetName=NetR5_2 Pin=R7-1
Added Pin To Net: NetName=NetR5_2 Pin=U1-4
Added Net: Name=NetR5_2
Added Pin To Net: NetName=NetR10_1 Pin=R10-1
Added Pin To Net: NetName=NetR10_1 Pin=U4-32
Added Net: Name=NetR10_1
Added Pin To Net: NetName=NetR11_1 Pin=R11-1
Added Pin To Net: NetName=NetR11_1 Pin=U4-36
Added Net: Name=NetR11_1
Added Pin To Net: NetName=NetR12_1 Pin=R12-1
Added Pin To Net: NetName=NetR12_1 Pin=U4-35
Added Net: Name=NetR12_1
Added Pin To Net: NetName=NetR12_2 Pin=R12-2
Added Net: Name=NetR12_2
Added Pin To Net: NetName=NetR13_1 Pin=R13-1
Added Pin To Net: NetName=NetR13_1 Pin=U4-34
Added Net: Name=NetR13_1
Added Pin To Net: NetName=NetR13_2 Pin=R13-2
Added Net: Name=NetR13_2
Added Pin To Net: NetName=NetR14_1 Pin=R14-1
Added Pin To Net: NetName=NetR14_1 Pin=U4-33
Added Net: Name=NetR14_1
Added Pin To Net: NetName=NetR14_2 Pin=R14-2
Added Net: Name=NetR14_2
Added Pin To Net: NetName=NetR15_2 Pin=R15-2
Added Pin To Net: NetName=NetR15_2 Pin=U4-10
Added Net: Name=NetR15_2
Added Pin To Net: NetName=NetR35_1 Pin=R35-1
Added Pin To Net: NetName=NetR35_1 Pin=U6-1
Added Net: Name=NetR35_1
Added Pin To Net: NetName=NetR37_1 Pin=R37-1
Added Pin To Net: NetName=NetR37_1 Pin=U7-1
Added Net: Name=NetR37_1
Added Pin To Net: NetName=NetR40_1 Pin=R40-1
Added Pin To Net: NetName=NetR40_1 Pin=U8-1
Added Net: Name=NetR40_1
Added Pin To Net: NetName=NetR42_1 Pin=R42-1
Added Pin To Net: NetName=NetR42_1 Pin=U9-1
Added Net: Name=NetR42_1
Added Pin To Net: NetName=NetR45_1 Pin=R45-1
Added Pin To Net: NetName=NetR45_1 Pin=U11-1
Added Net: Name=NetR45_1
Added Pin To Net: NetName=NetR47_1 Pin=R47-1
Added Pin To Net: NetName=NetR47_1 Pin=U12-1
Added Net: Name=NetR47_1
Added Pin To Net: NetName=NetR82_1 Pin=R82-1
Added Pin To Net: NetName=NetR82_1 Pin=USB1-B5
Added Net: Name=NetR82_1
Added Pin To Net: NetName=NetR83_1 Pin=R83-1
Added Pin To Net: NetName=NetR83_1 Pin=USB1-A5
Added Net: Name=NetR83_1
Added Pin To Net: NetName=PMODE0 Pin=R28-1
Added Pin To Net: NetName=PMODE0 Pin=SW3-1
Added Pin To Net: NetName=PMODE0 Pin=U4-45
Added Net: Name=PMODE0
Added Pin To Net: NetName=PMODE1 Pin=R27-1
Added Pin To Net: NetName=PMODE1 Pin=SW3-2
Added Pin To Net: NetName=PMODE1 Pin=U4-44
Added Net: Name=PMODE1
Added Pin To Net: NetName=PMODE2 Pin=R26-1
Added Pin To Net: NetName=PMODE2 Pin=SW3-3
Added Pin To Net: NetName=PMODE2 Pin=U4-43
Added Net: Name=PMODE2
Added Pin To Net: NetName=RESET Pin=C30-2
Added Pin To Net: NetName=RESET Pin=R31-2
Added Pin To Net: NetName=RESET Pin=SW2-2
Added Pin To Net: NetName=RESET Pin=U4-37
Added Net: Name=RESET
Added Pin To Net: NetName=RO1 Pin=U5-1
Added Pin To Net: NetName=RO1 Pin=U6-2
Added Net: Name=RO1
Added Pin To Net: NetName=RO2 Pin=U7-2
Added Pin To Net: NetName=RO2 Pin=U10-1
Added Net: Name=RO2
Added Pin To Net: NetName=RST_BUTTON Pin=C41-2
Added Pin To Net: NetName=RST_BUTTON Pin=SW4-2
Added Pin To Net: NetName=RST_BUTTON Pin=U14-4
Added Net: Name=RST_BUTTON
Added Pin To Net: NetName=RTS Pin=Q6-2
Added Pin To Net: NetName=RTS Pin=R79-1
Added Pin To Net: NetName=RTS Pin=U16-14
Added Net: Name=RTS
Added Pin To Net: NetName=RX1_RS485 Pin=LED8-1
Added Pin To Net: NetName=RX1_RS485 Pin=R34-1
Added Pin To Net: NetName=RX1_RS485 Pin=U6-4
Added Net: Name=RX1_RS485
Added Pin To Net: NetName=RX2_RS485 Pin=LED9-1
Added Pin To Net: NetName=RX2_RS485 Pin=R36-1
Added Pin To Net: NetName=RX2_RS485 Pin=U7-4
Added Net: Name=RX2_RS485
Added Pin To Net: NetName=RX_N Pin=R18-1
Added Pin To Net: NetName=RX_N Pin=U4-5
Added Net: Name=RX_N
Added Pin To Net: NetName=RX_P Pin=R22-1
Added Pin To Net: NetName=RX_P Pin=U4-6
Added Net: Name=RX_P
Added Pin To Net: NetName=TX1_RS485 Pin=LED6-1
Added Pin To Net: NetName=TX1_RS485 Pin=U11-2
Added Net: Name=TX1_RS485
Added Pin To Net: NetName=TX2_RS485 Pin=LED7-1
Added Pin To Net: NetName=TX2_RS485 Pin=U12-2
Added Net: Name=TX2_RS485
Added Pin To Net: NetName=TX_N Pin=R23-1
Added Pin To Net: NetName=TX_N Pin=U4-1
Added Net: Name=TX_N
Added Pin To Net: NetName=TX_P Pin=R24-1
Added Pin To Net: NetName=TX_P Pin=U4-2
Added Net: Name=TX_P
Added Pin To Net: NetName=VBAT Pin=C39-2
Added Pin To Net: NetName=VBAT Pin=C40-2
Added Pin To Net: NetName=VBAT Pin=TP4-1
Added Pin To Net: NetName=VBAT Pin=U14-14
Added Pin To Net: NetName=VBAT Pin=VBAT1-P
Added Net: Name=VBAT
Added Pin To Net: NetName=VBUS Pin=C50-2
Added Pin To Net: NetName=VBUS Pin=C51-2
Added Pin To Net: NetName=VBUS Pin=D5-1
Added Pin To Net: NetName=VBUS Pin=D6-5
Added Pin To Net: NetName=VBUS Pin=USB1-A4
Added Pin To Net: NetName=VBUS Pin=USB1-B4
Added Net: Name=VBUS
Added Pin To Net: NetName=XI Pin=R29-1
Added Pin To Net: NetName=XI Pin=R30-1
Added Pin To Net: NetName=XI Pin=U4-30
Added Net: Name=XI
Added Pin To Net: NetName=XO Pin=C28-2
Added Pin To Net: NetName=XO Pin=R29-2
Added Pin To Net: NetName=XO Pin=U4-31
Added Net: Name=XO
Added Class: Name=Ethernet
Added Class: Name=MCU
Added Class: Name=Power_Supply
Added Class: Name=RS485_Port
Added Class: Name=RTC_and_EEPROM
Added Class: Name=User_Interface
Added Differential Pair: Name=DATA_D
Added Rule: Name=Schematic Supply Nets
Added Rule: Name=Schematic Supply Nets_1
Added Rule: Name=Schematic Supply Nets_2
Added Rule: Name=Schematic Supply Nets_3
Added Rule: Name=Schematic Supply Nets_4
Added Rule: Name=Schematic Supply Nets_5
Added Rule: Name=Schematic Supply Nets_6
Added Rule: Name=Schematic Supply Nets_7
Added Rule: Name=Schematic Supply Nets_8
Added Rule: Name=Schematic Supply Nets_9
