Removed Pin From Net: NetName=IO9 Pin=J1-1
Removed Pin From Net: NetName=IO46 Pin=J1-2
Removed Pin From Net: NetName=IO3 Pin=J1-3
Removed Pin From Net: NetName=IO20 Pin=J1-4
Removed Pin From Net: NetName=IO19 Pin=J1-5
Removed Pin From Net: NetName=IO8 Pin=J1-6
Removed Pin From Net: NetName=IO48 Pin=J1-7
Removed Pin From Net: NetName=IO45 Pin=J1-8
Removed Pin From Net: NetName=+5V Pin=J1-9
Removed Pin From Net: NetName=+3.3V Pin=J1-10
Removed Member From Class: ClassName=MCU Member=J1
Added Component: Designator=JP1(JUMP 3 PINS)
Add component (AddParameter): Name = "Supplier 1"; Value = "Avnet"; VariantName = "[No Variations]"
Add component (AddParameter): Name = "Supplier Part Number 1"; Value = "TS-103-G-A"; VariantName = "[No Variations]"
Added Component: Designator=JP2(JUMP 5 PINS)
Add component (AddParameter): Name = "Supplier 1"; Value = "Avnet"; VariantName = "[No Variations]"
Add component (AddParameter): Name = "Supplier Part Number 1"; Value = "TSW-105-23-L-S-LL"; VariantName = "[No Variations]"
Added Pin To Net: NetName=IO3 Pin=JP1-01
Added Pin To Net: NetName=IO45 Pin=JP1-02
Added Pin To Net: NetName=IO46 Pin=JP1-03
Added Pin To Net: NetName=+3.3V Pin=JP2-01
Added Pin To Net: NetName=+5V Pin=JP2-02
Added Pin To Net: NetName=GND Pin=JP2-03
Added Pin To Net: NetName=GND Pin=JP2-04
Added Pin To Net: NetName=GND Pin=JP2-05
Added Member To Class: ClassName=MCU Member=Component JP1 JUMP 3 PINS
Added Member To Class: ClassName=MCU Member=Component JP2 JUMP 5 PINS
