Added Pin To Net: NetName=En Pin=C3-1
Added Pin To Net: NetName=En Pin=C4-1
Added Pin To Net: NetName=En Pin=C11-1
Added Pin To Net: NetName=En Pin=C16-2
Added Pin To Net: NetName=En Pin=C17-2
Added Pin To Net: NetName=En Pin=C35-2
Added Pin To Net: NetName=En Pin=C36-2
Added Pin To Net: NetName=En Pin=C52-2
Added Pin To Net: NetName=En Pin=C53-2
Added Pin To Net: NetName=En Pin=C54-2
Added Pin To Net: NetName=En Pin=C55-2
Added Pin To Net: NetName=En Pin=FR1-1
Added Pin To Net: NetName=En Pin=L2-2
Added Pin To Net: NetName=En Pin=Q1-1
Added Pin To Net: NetName=En Pin=Q2-1
Added Pin To Net: NetName=En Pin=Q3-1
Added Pin To Net: NetName=En Pin=Q4-1
Added Pin To Net: NetName=En Pin=Q5-1
Added Pin To Net: NetName=En Pin=R3-1
Added Pin To Net: NetName=En Pin=R9-1
Added Pin To Net: NetName=En Pin=R10-2
Added Pin To Net: NetName=En Pin=R11-2
Added Pin To Net: NetName=En Pin=R25-1
Added Pin To Net: NetName=En Pin=R26-2
Added Pin To Net: NetName=En Pin=R27-2
Added Pin To Net: NetName=En Pin=R28-2
Added Pin To Net: NetName=En Pin=R31-1
Added Pin To Net: NetName=En Pin=R32-1
Added Pin To Net: NetName=En Pin=R34-2
Added Pin To Net: NetName=En Pin=R36-2
Added Pin To Net: NetName=En Pin=R40-2
Added Pin To Net: NetName=En Pin=R42-2
Added Pin To Net: NetName=En Pin=R45-2
Added Pin To Net: NetName=En Pin=R47-2
Added Pin To Net: NetName=En Pin=R57-2
Added Pin To Net: NetName=En Pin=R58-2
Added Pin To Net: NetName=En Pin=R61-1
Added Pin To Net: NetName=En Pin=R63-2
Added Pin To Net: NetName=En Pin=R64-2
Added Pin To Net: NetName=En Pin=R65-2
Added Pin To Net: NetName=En Pin=R66-2
Added Pin To Net: NetName=En Pin=R67-2
Added Pin To Net: NetName=En Pin=R71-2
Added Pin To Net: NetName=En Pin=R72-1
Added Pin To Net: NetName=En Pin=R73-2
Added Pin To Net: NetName=En Pin=R74-2
Added Pin To Net: NetName=En Pin=R77-1
Added Pin To Net: NetName=En Pin=R78-1
Added Pin To Net: NetName=En Pin=R81-1
Added Pin To Net: NetName=En Pin=TP5-1
Added Pin To Net: NetName=En Pin=TP14-1
Added Pin To Net: NetName=En Pin=TP15-1
Added Pin To Net: NetName=En Pin=U2-3
Added Pin To Net: NetName=En Pin=U4-28
Added Pin To Net: NetName=En Pin=U14-2
Added Pin To Net: NetName=En Pin=U15-2
Added Pin To Net: NetName=En Pin=U16-16
