Removed Pin From Net: NetName=+3.3V Pin=C3-1
Removed Pin From Net: NetName=+3.3V Pin=C4-1
Removed Pin From Net: NetName=B2 Pin=KF2-1
Removed Pin From Net: NetName=A2 Pin=KF2-2
Removed Pin From Net: NetName=GND Pin=LED13-2
Removed Pin From Net: NetName=GND Pin=LED14-2
Removed Pin From Net: NetName=+VCC Pin=R1-1
Removed Pin From Net: NetName=RX1_RS485 Pin=R34-1
Removed Pin From Net: NetName=+3.3V Pin=R34-2
Removed Pin From Net: NetName=+5V_RS485 Pin=R35-2
Removed Pin From Net: NetName=RX2_RS485 Pin=R36-1
Removed Pin From Net: NetName=+3.3V Pin=R36-2
Removed Pin From Net: NetName=+5V_RS485 Pin=R37-2
Removed Pin From Net: NetName=+3.3V Pin=R40-2
Removed Pin From Net: NetName=EN1 Pin=R41-1
Removed Pin From Net: NetName=+5V_RS485 Pin=R41-2
Removed Pin From Net: NetName=+3.3V Pin=R42-2
Removed Pin From Net: NetName=EN2 Pin=R43-1
Removed Pin From Net: NetName=+5V_RS485 Pin=R43-2
Removed Pin From Net: NetName=+3.3V Pin=R45-2
Removed Pin From Net: NetName=DI1 Pin=R46-1
Removed Pin From Net: NetName=+5V_RS485 Pin=R46-2
Removed Pin From Net: NetName=+3.3V Pin=R47-2
Removed Pin From Net: NetName=DI2 Pin=R48-1
Removed Pin From Net: NetName=+5V_RS485 Pin=R48-2
Removed Pin From Net: NetName=+5V Pin=R62-1
Removed Pin From Net: NetName=+3.3V Pin=R77-1
Removed Pin From Net: NetName=+3.3V Pin=TP14-1
Removed Pin From Net: NetName=+3.3V Pin=TP15-1
Removed Pin From Net: NetName=RO1 Pin=U6-2
Removed Pin From Net: NetName=GND Pin=U6-3
Removed Pin From Net: NetName=RX1_RS485 Pin=U6-4
Removed Pin From Net: NetName=RO2 Pin=U7-2
Removed Pin From Net: NetName=GND Pin=U7-3
Removed Pin From Net: NetName=RX2_RS485 Pin=U7-4
Removed Pin From Net: NetName=EN1_RS485 Pin=U8-2
Removed Pin From Net: NetName=GND_RS485 Pin=U8-3
Removed Pin From Net: NetName=EN1 Pin=U8-4
Removed Pin From Net: NetName=EN2_RS485 Pin=U9-2
Removed Pin From Net: NetName=GND_RS485 Pin=U9-3
Removed Pin From Net: NetName=EN2 Pin=U9-4
Removed Pin From Net: NetName=TX1_RS485 Pin=U11-2
Removed Pin From Net: NetName=GND_RS485 Pin=U11-3
Removed Pin From Net: NetName=DI1 Pin=U11-4
Removed Pin From Net: NetName=TX2_RS485 Pin=U12-2
Removed Pin From Net: NetName=GND_RS485 Pin=U12-3
Removed Pin From Net: NetName=DI2 Pin=U12-4
Removed Member From Class: ClassName=RS485_Port Member=KF2
Removed Member From Class: ClassName=RTC_and_EEPROM Member=LED13
Removed Member From Class: ClassName=MCU Member=LED14
Removed Member From Class: ClassName=RS485_Port Member=R34
Removed Member From Class: ClassName=RS485_Port Member=R35
Removed Member From Class: ClassName=RS485_Port Member=R36
Removed Member From Class: ClassName=RS485_Port Member=R37
Removed Member From Class: ClassName=RS485_Port Member=R40
Removed Member From Class: ClassName=RS485_Port Member=R41
Removed Member From Class: ClassName=RS485_Port Member=R42
Removed Member From Class: ClassName=RS485_Port Member=R43
Removed Member From Class: ClassName=RS485_Port Member=R45
Removed Member From Class: ClassName=RS485_Port Member=R46
Removed Member From Class: ClassName=RS485_Port Member=R47
Removed Member From Class: ClassName=RS485_Port Member=R48
Removed Member From Class: ClassName=RTC_and_EEPROM Member=R62
Removed Member From Class: ClassName=MCU Member=R77
Removed Member From Class: ClassName=MCU Member=TP14
Removed Member From Class: ClassName=MCU Member=TP15
Removed Member From Class: ClassName=RS485_Port Member=U6
Removed Member From Class: ClassName=RS485_Port Member=U7
Removed Member From Class: ClassName=RS485_Port Member=U8
Removed Member From Class: ClassName=RS485_Port Member=U9
Removed Member From Class: ClassName=RS485_Port Member=U11
Removed Member From Class: ClassName=RS485_Port Member=U12
Added Component: Designator=C?(CAP - 0603)
Added Component: Designator=C?(CAP - 0603)
Added Component: Designator=C?(CAP - 0603)
Added Component: Designator=C?(CAP - 0603)
Added Component: Designator=C?(CAP - 0603)
Added Component: Designator=C?(CAP - 0603)
Added Component: Designator=C?(CAP - 0603)
Added Component: Designator=C?(CAP - 0603)
Added Component: Designator=J?(MICRO SD CARD)
Added Component: Designator=LED?(YELLOW_LED_0805)
Added Component: Designator=LED?(YELLOW_LED_0805)
Added Component: Designator=MH2(Mounting hole_2)
Added Component: Designator=R?(RES - 0603)
Added Component: Designator=R?(RES - 0603)
Added Component: Designator=U?(SOP_8)
Added Component: Designator=U?(SOP_8)
Added Component: Designator=U?(SOP_8)
Added Pin To Net: NetName=+5V Pin=C3-1
Added Pin To Net: NetName=+5V Pin=C4-1
Added Pin To Net: NetName=+3.3V Pin=C?-1
Added Pin To Net: NetName=+3.3V Pin=C?-1
Added Pin To Net: NetName=+3.3V Pin=C?-1
Added Pin To Net: NetName=+5V_RS485 Pin=C?-1
Added Pin To Net: NetName=+5V_RS485 Pin=C?-1
Added Pin To Net: NetName=+5V_RS485 Pin=C?-1
Added Pin To Net: NetName=GND Pin=C?-1
Added Pin To Net: NetName=GND Pin=C?-1
Added Pin To Net: NetName=GND_RS485 Pin=C?-2
Added Pin To Net: NetName=GND_RS485 Pin=C?-2
Added Pin To Net: NetName=GND_RS485 Pin=C?-2
Added Pin To Net: NetName=GND Pin=C?-2
Added Pin To Net: NetName=GND Pin=C?-2
Added Pin To Net: NetName=GND Pin=C?-2
Added Pin To Net: NetName=VBAT Pin=C?-2
Added Pin To Net: NetName=VBAT Pin=C?-2
Add Pin To Net: Unknown Pin: Pin J1-11
Added Pin To Net: NetName=VIN Pin=R1-1
Added Pin To Net: NetName=+5V_RS485 Pin=R?-1
Added Pin To Net: NetName=+5V_RS485 Pin=R?-1
Added Pin To Net: NetName=GND Pin=SW8-1
Added Pin To Net: NetName=DEBUG_EN Pin=SW8-2
Added Pin To Net: NetName=+3.3V Pin=U?-1
Added Pin To Net: NetName=+3.3V Pin=U?-1
Added Pin To Net: NetName=+3.3V Pin=U?-1
Added Pin To Net: NetName=EN1_RS485 Pin=U?-2
Added Pin To Net: NetName=RX1_RS485 Pin=U?-2
Added Pin To Net: NetName=RX2_RS485 Pin=U?-2
Added Pin To Net: NetName=EN2_RS485 Pin=U?-3
Added Pin To Net: NetName=TX1_RS485 Pin=U?-3
Added Pin To Net: NetName=TX2_RS485 Pin=U?-3
Added Pin To Net: NetName=GND Pin=U?-4
Added Pin To Net: NetName=GND Pin=U?-4
Added Pin To Net: NetName=GND Pin=U?-4
Added Pin To Net: NetName=GND_RS485 Pin=U?-5
Added Pin To Net: NetName=GND_RS485 Pin=U?-5
Added Pin To Net: NetName=GND_RS485 Pin=U?-5
Added Pin To Net: NetName=+5V_RS485 Pin=U?-8
Added Pin To Net: NetName=+5V_RS485 Pin=U?-8
Added Pin To Net: NetName=+5V_RS485 Pin=U?-8
Added Pin To Net: NetName=NetLED?_1 Pin=LED?-1
Added Pin To Net: NetName=NetLED?_1 Pin=R?-2
Added Net: Name=NetLED?_1
Add Net: Net with name "NetLED?_1" already exists
Added Member To Class: ClassName=Power_Supply Member=Component C? 10uF/50V
Added Member To Class: ClassName=Power_Supply Member=Component C? 0.1uF/50V
Added Member To Class: ClassName=RS485_Port Member=Component C? 0.1uF/50V
Added Member To Class: ClassName=RS485_Port Member=Component C? 0.1uF/50V
Added Member To Class: ClassName=RS485_Port Member=Component C? 0.1uF/50V
Added Member To Class: ClassName=RS485_Port Member=Component C? 0.1uF/50V
Added Member To Class: ClassName=RS485_Port Member=Component C? 0.1uF/50V
Added Member To Class: ClassName=RS485_Port Member=Component C? 0.1uF/50V
Added Member To Class: ClassName=RTC_and_EEPROM Member=Component J? SD Card
Added Member To Class: ClassName=RS485_Port Member=Component LED? YELLOW
Added Member To Class: ClassName=RS485_Port Member=Component LED? YELLOW
Added Member To Class: ClassName=RTC_and_EEPROM Member=Component MH2 MOUNTING HOLE
Added Member To Class: ClassName=RS485_Port Member=Component R? 1K/1%
Added Member To Class: ClassName=RS485_Port Member=Component R? 1K/1%
Added Member To Class: ClassName=MCU Member=Component SW8 Button 2 Pins
Added Member To Class: ClassName=RS485_Port Member=Component U? ADUM1201
Added Member To Class: ClassName=RS485_Port Member=Component U? ADUM1200
Added Member To Class: ClassName=RS485_Port Member=Component U? ADUM1201
Added Rule: Name=Schematic Supply Nets_3
