Removed Pin From Net: NetName=SD_CS Pin=D8-1
Removed Pin From Net: NetName=NetD8_3 Pin=D8-3
Removed Pin From Net: NetName=NetD8_4 Pin=D8-4
Removed Pin From Net: NetName=NetD8_5 Pin=D8-5
Change Net Name : Old Net Name=NetD8_3 New Net Name=NetR41_2
Change Net Name : Old Net Name=NetD8_4 New Net Name=NetR40_2
Change Net Name : Old Net Name=NetD8_5 New Net Name=NetR37_2
Added Pin To Net: NetName=NetD8_1 Pin=D8-1
Added Pin To Net: NetName=NetD8_1 Pin=R46-1
Added Pin To Net: NetName=NetD8_1 Pin=SD1-2
Added Net: Name=NetD8_1
Added Pin To Net: NetName=NetD8_3 Pin=D8-3
Added Pin To Net: NetName=NetD8_3 Pin=R42-1
Added Pin To Net: NetName=NetD8_3 Pin=SD1-5
Added Net: Name=NetD8_3
Added Pin To Net: NetName=NetD8_4 Pin=D8-4
Added Pin To Net: NetName=NetD8_4 Pin=R43-1
Added Pin To Net: NetName=NetD8_4 Pin=SD1-3
Added Net: Name=NetD8_4
Added Pin To Net: NetName=NetD8_5 Pin=D8-5
Added Pin To Net: NetName=NetD8_5 Pin=R45-1
Added Pin To Net: NetName=NetD8_5 Pin=SD1-7
Added Net: Name=NetD8_5
