Added Component: Designator=D7(DO-214AC)
Added Component: Designator=D8(SOT363)
Added Component: Designator=D9(DO-214AC)
Added Component: Designator=D10(DO-214AC)
Added Component: Designator=D11(DO-214AC)
Added Component: Designator=D12(DO-214AC)
Added Component: Designator=D13(DO-214AC)
Added Component: Designator=D14(DO-214AC)
Added Component: Designator=D15(DO-214AC)
Added Component: Designator=D16(DO-214AC)
Added Pin To Net: NetName=GND Pin=D7-A
Added Pin To Net: NetName=GND Pin=D8-2
Added Pin To Net: NetName=GND Pin=D9-A
Added Pin To Net: NetName=NetC44_2 Pin=D9-C
Added Pin To Net: NetName=GND Pin=D10-A
Added Pin To Net: NetName=NetC45_2 Pin=D10-C
Added Pin To Net: NetName=GND Pin=D11-A
Added Pin To Net: NetName=ENC_SW Pin=D11-C
Added Pin To Net: NetName=GND Pin=D12-A
Added Pin To Net: NetName=ENC_DATA Pin=D12-C
Added Pin To Net: NetName=GND Pin=D13-A
Added Pin To Net: NetName=ENC_CLK Pin=D13-C
Added Pin To Net: NetName=GND Pin=D14-A
Added Pin To Net: NetName=NetC49_2 Pin=D14-C
Added Pin To Net: NetName=GND Pin=D15-A
Added Pin To Net: NetName=DEBUG_FLASH Pin=D15-C
Added Pin To Net: NetName=GND Pin=D16-A
Added Pin To Net: NetName=DEBUG_EN Pin=D16-C
Added Pin To Net: NetName=NetD7_C Pin=D7-C
Added Pin To Net: NetName=NetD7_C Pin=Fuse1-1
Added Pin To Net: NetName=NetD7_C Pin=SW1-1
Added Net: Name=NetD7_C
Added Pin To Net: NetName=NetD8_1 Pin=D8-1
Added Pin To Net: NetName=NetD8_1 Pin=R42-1
Added Pin To Net: NetName=NetD8_1 Pin=SD1-5
Added Net: Name=NetD8_1
Added Pin To Net: NetName=NetD8_3 Pin=D8-3
Added Pin To Net: NetName=NetD8_3 Pin=SD1-CD
Added Pin To Net: NetName=NetD8_3 Pin=U15-17
Added Net: Name=NetD8_3
Added Pin To Net: NetName=NetD8_4 Pin=D8-4
Added Pin To Net: NetName=NetD8_4 Pin=R46-1
Added Pin To Net: NetName=NetD8_4 Pin=SD1-2
Added Net: Name=NetD8_4
Added Pin To Net: NetName=NetD8_5 Pin=D8-5
Added Pin To Net: NetName=NetD8_5 Pin=R45-1
Added Pin To Net: NetName=NetD8_5 Pin=SD1-7
Added Net: Name=NetD8_5
Added Pin To Net: NetName=NetD8_6 Pin=D8-6
Added Pin To Net: NetName=NetD8_6 Pin=R43-1
Added Pin To Net: NetName=NetD8_6 Pin=SD1-3
Added Net: Name=NetD8_6
Added Member To Class: ClassName=Power_Supply Member=Component D7 SMAJ28A
Added Member To Class: ClassName=RTC_and_EEPROM Member=Component D8 SMF05C
Added Member To Class: ClassName=User_Interface Member=Component D9 SMAJ5.0A
Added Member To Class: ClassName=User_Interface Member=Component D10 SMAJ5.0A
Added Member To Class: ClassName=User_Interface Member=Component D11 SMAJ5.0A
Added Member To Class: ClassName=User_Interface Member=Component D12 SMAJ5.0A
Added Member To Class: ClassName=User_Interface Member=Component D13 SMAJ5.0A
Added Member To Class: ClassName=User_Interface Member=Component D14 SMAJ5.0A
Added Member To Class: ClassName=MCU Member=Component D15 SMAJ5.0A
Added Member To Class: ClassName=MCU Member=Component D16 SMAJ5.0A
