Change Component Description : Designator=Fuse1 Old Description=Nano2 SMD FF submin fuse w/holder, 4A New Description=Nano2 SMD FF submin fuse w/holder, 4A | Littelfuse 0154004.DR
Change Component Description : Designator=D3 Old Description=TVS Diode, SM712 Series, 31V Clamp, 600W Peak Pulse, Surface Mount, SOT23-3 New Description=TVS Diode, SM712 Series, 31V Clamp, 600W Peak Pulse, Surface Mount, SOT23-3 | Littelfuse SM712-02HTG
Change Component Description : Designator=D4 Old Description=TVS Diode, SM712 Series, 31V Clamp, 600W Peak Pulse, Surface Mount, SOT23-3 New Description=TVS Diode, SM712 Series, 31V Clamp, 600W Peak Pulse, Surface Mount, SOT23-3 | Littelfuse SM712-02HTG
Added Component: Designator=USB1(Type-C-16Pins)
Added Pin To Net: NetName=GND Pin=USB1-A1
Added Pin To Net: NetName=VBUS Pin=USB1-A4
Added Pin To Net: NetName=CC1 Pin=USB1-A5
Added Pin To Net: NetName=DATA_D_P Pin=USB1-A6
Added Pin To Net: NetName=DATA_D_N Pin=USB1-A7
Added Pin To Net: NetName=GND Pin=USB1-B1
Added Pin To Net: NetName=VBUS Pin=USB1-B4
Added Pin To Net: NetName=CC2 Pin=USB1-B5
Added Pin To Net: NetName=DATA_D_P Pin=USB1-B6
Added Pin To Net: NetName=DATA_D_N Pin=USB1-B7
Added Pin To Net: NetName=GND Pin=USB1-SHIELD
Added Pin To Net: NetName=GND Pin=USB1-SHIELD
Added Pin To Net: NetName=GND Pin=USB1-SHIELD
Added Pin To Net: NetName=GND Pin=USB1-SHIELD
Added Pin To Net: NetName=GND Pin=USB1-SHIELD
Added Pin To Net: NetName=GND Pin=USB1-SHIELD
Added Member To Class: ClassName=MCU Member=Component USB1 USB Type C
