Removed Pin From Net: NetName=En Pin=C3-1
Removed Pin From Net: NetName=En Pin=C4-1
Removed Pin From Net: NetName=Vin Pin=C6-1
Removed Pin From Net: NetName=Vin Pin=C7-1
Removed Pin From Net: NetName=Vin Pin=C8-1
Removed Pin From Net: NetName=En Pin=C11-1
Removed Pin From Net: NetName=En Pin=C16-2
Removed Pin From Net: NetName=En Pin=C17-2
Removed Pin From Net: NetName=En Pin=C35-2
Removed Pin From Net: NetName=En Pin=C36-2
Removed Pin From Net: NetName=En Pin=C52-2
Removed Pin From Net: NetName=En Pin=C53-2
Removed Pin From Net: NetName=En Pin=C54-2
Removed Pin From Net: NetName=En Pin=C55-2
Removed Pin From Net: NetName=En Pin=FR1-1
Removed Pin From Net: NetName=Vin Pin=Fuse1-2
Removed Pin From Net: NetName=A1 Pin=KF1-1
Removed Pin From Net: NetName=B1 Pin=KF1-2
Removed Pin From Net: NetName=A2 Pin=KF2-1
Removed Pin From Net: NetName=B2 Pin=KF2-2
Removed Pin From Net: NetName=En Pin=L2-2
Removed Pin From Net: NetName=En Pin=Q1-1
Removed Pin From Net: NetName=En Pin=Q2-1
Removed Pin From Net: NetName=En Pin=Q3-1
Removed Pin From Net: NetName=En Pin=Q4-1
Removed Pin From Net: NetName=En Pin=Q5-1
Removed Pin From Net: NetName=Vin Pin=R1-1
Removed Pin From Net: NetName=En Pin=R3-1
Removed Pin From Net: NetName=Vin Pin=R4-1
Removed Pin From Net: NetName=En Pin=R9-1
Removed Pin From Net: NetName=En Pin=R10-2
Removed Pin From Net: NetName=En Pin=R11-2
Removed Pin From Net: NetName=En Pin=R25-1
Removed Pin From Net: NetName=En Pin=R26-2
Removed Pin From Net: NetName=En Pin=R27-2
Removed Pin From Net: NetName=En Pin=R28-2
Removed Pin From Net: NetName=En Pin=R31-1
Removed Pin From Net: NetName=En Pin=R32-1
Removed Pin From Net: NetName=En Pin=R34-2
Removed Pin From Net: NetName=En Pin=R36-2
Removed Pin From Net: NetName=En Pin=R40-2
Removed Pin From Net: NetName=En Pin=R42-2
Removed Pin From Net: NetName=En Pin=R45-2
Removed Pin From Net: NetName=En Pin=R47-2
Removed Pin From Net: NetName=En Pin=R57-2
Removed Pin From Net: NetName=En Pin=R58-2
Removed Pin From Net: NetName=En Pin=R61-1
Removed Pin From Net: NetName=En Pin=R63-2
Removed Pin From Net: NetName=En Pin=R64-2
Removed Pin From Net: NetName=En Pin=R65-2
Removed Pin From Net: NetName=En Pin=R66-2
Removed Pin From Net: NetName=En Pin=R67-2
Removed Pin From Net: NetName=En Pin=R71-2
Removed Pin From Net: NetName=En Pin=R72-1
Removed Pin From Net: NetName=En Pin=R73-2
Removed Pin From Net: NetName=En Pin=R74-2
Removed Pin From Net: NetName=En Pin=R77-1
Removed Pin From Net: NetName=En Pin=R78-1
Removed Pin From Net: NetName=En Pin=R81-1
Removed Pin From Net: NetName=En Pin=TP5-1
Removed Pin From Net: NetName=Vin Pin=TP8-1
Removed Pin From Net: NetName=En Pin=TP14-1
Removed Pin From Net: NetName=En Pin=TP15-1
Removed Pin From Net: NetName=Vin Pin=U1-7
Removed Pin From Net: NetName=En Pin=U2-3
Removed Pin From Net: NetName=En Pin=U4-28
Removed Pin From Net: NetName=En Pin=U14-2
Removed Pin From Net: NetName=En Pin=U15-2
Removed Pin From Net: NetName=En Pin=U16-16
Change Component Comment : Designator=R8 Old Comment=10K/1% New Comment=330R/1%
Change Component Comment : Designator=R9 Old Comment=10K/1% New Comment=330R/1%
Added Pin To Net: NetName=B1 Pin=KF1-1
Added Pin To Net: NetName=A1 Pin=KF1-2
Added Pin To Net: NetName=B2 Pin=KF2-1
Added Pin To Net: NetName=A2 Pin=KF2-2
Change Net Name : Old Net Name=1V2O New Net Name=NetC24_2
Change Net Name : Old Net Name=BOOT New Net Name=NetC5_1
Change Net Name : Old Net Name=En New Net Name=GND
Change Net Name : Old Net Name=ENA New Net Name=NetR4_2
Change Net Name : Old Net Name=GreenLED New Net Name=NetCOM1_9
Change Net Name : Old Net Name=INTN New Net Name=NetR11_1
Change Net Name : Old Net Name=MISO New Net Name=NetR13_1
Change Net Name : Old Net Name=MOSI New Net Name=NetR12_1
Change Net Name : Old Net Name=P4 New Net Name=NetC27_2
Change Net Name : Old Net Name=P5 New Net Name=NetC26_2
Change Net Name : Old Net Name=PH New Net Name=NetC5_2
Change Net Name : Old Net Name=RD+ New Net Name=NetCOM1_3
Change Net Name : Old Net Name=RD- New Net Name=NetCOM1_6
Change Net Name : Old Net Name=SCLK New Net Name=NetR14_1
Change Net Name : Old Net Name=SCSN New Net Name=NetR10_1
Change Net Name : Old Net Name=SW New Net Name=NetD1_2
Change Net Name : Old Net Name=TD+ New Net Name=NetCOM1_1
Change Net Name : Old Net Name=TD- New Net Name=NetCOM1_2
Change Net Name : Old Net Name=TOCAP New Net Name=NetC25_2
Change Net Name : Old Net Name=Vin New Net Name=+5V
Change Net Name : Old Net Name=VOUT_PRI New Net Name=+5V_RS485
Change Net Name : Old Net Name=VSENSE New Net Name=NetR5_2
Change Net Name : Old Net Name=YellowLED New Net Name=NetCOM1_12
Added Pin To Net: NetName=+3.3V Pin=C3-1
Added Pin To Net: NetName=+3.3V Pin=C4-1
Added Pin To Net: NetName=+3.3V Pin=C11-1
Added Pin To Net: NetName=+3.3V Pin=C16-2
Added Pin To Net: NetName=+3.3V Pin=C17-2
Added Pin To Net: NetName=+3.3V Pin=C35-2
Added Pin To Net: NetName=+3.3V Pin=C36-2
Added Pin To Net: NetName=+3.3V Pin=C52-2
Added Pin To Net: NetName=+3.3V Pin=C53-2
Added Pin To Net: NetName=+3.3V Pin=C54-2
Added Pin To Net: NetName=+3.3V Pin=C55-2
Added Pin To Net: NetName=+3.3V Pin=FR1-1
Added Pin To Net: NetName=+3.3V Pin=L2-2
Added Pin To Net: NetName=+3.3V Pin=Q1-1
Added Pin To Net: NetName=+3.3V Pin=Q2-1
Added Pin To Net: NetName=+3.3V Pin=Q3-1
Added Pin To Net: NetName=+3.3V Pin=Q4-1
Added Pin To Net: NetName=+3.3V Pin=Q5-1
Added Pin To Net: NetName=+3.3V Pin=R3-1
Added Pin To Net: NetName=+3.3V Pin=R9-1
Added Pin To Net: NetName=+3.3V Pin=R10-2
Added Pin To Net: NetName=+3.3V Pin=R11-2
Added Pin To Net: NetName=+3.3V Pin=R25-1
Added Pin To Net: NetName=+3.3V Pin=R26-2
Added Pin To Net: NetName=+3.3V Pin=R27-2
Added Pin To Net: NetName=+3.3V Pin=R28-2
Added Pin To Net: NetName=+3.3V Pin=R31-1
Added Pin To Net: NetName=+3.3V Pin=R32-1
Added Pin To Net: NetName=+3.3V Pin=R34-2
Added Pin To Net: NetName=+3.3V Pin=R36-2
Added Pin To Net: NetName=+3.3V Pin=R40-2
Added Pin To Net: NetName=+3.3V Pin=R42-2
Added Pin To Net: NetName=+3.3V Pin=R45-2
Added Pin To Net: NetName=+3.3V Pin=R47-2
Added Pin To Net: NetName=+3.3V Pin=R57-2
Added Pin To Net: NetName=+3.3V Pin=R58-2
Added Pin To Net: NetName=+3.3V Pin=R61-1
Added Pin To Net: NetName=+3.3V Pin=R63-2
Added Pin To Net: NetName=+3.3V Pin=R64-2
Added Pin To Net: NetName=+3.3V Pin=R65-2
Added Pin To Net: NetName=+3.3V Pin=R66-2
Added Pin To Net: NetName=+3.3V Pin=R67-2
Added Pin To Net: NetName=+3.3V Pin=R71-2
Added Pin To Net: NetName=+3.3V Pin=R72-1
Added Pin To Net: NetName=+3.3V Pin=R73-2
Added Pin To Net: NetName=+3.3V Pin=R74-2
Added Pin To Net: NetName=+3.3V Pin=R77-1
Added Pin To Net: NetName=+3.3V Pin=R78-1
Added Pin To Net: NetName=+3.3V Pin=R81-1
Added Pin To Net: NetName=+3.3V Pin=TP5-1
Added Pin To Net: NetName=+3.3V Pin=TP14-1
Added Pin To Net: NetName=+3.3V Pin=TP15-1
Added Pin To Net: NetName=+3.3V Pin=U2-3
Added Pin To Net: NetName=+3.3V Pin=U4-28
Added Pin To Net: NetName=+3.3V Pin=U14-2
Added Pin To Net: NetName=+3.3V Pin=U15-2
Added Pin To Net: NetName=+3.3V Pin=U16-16
Added Net: Name=+3.3V
Added Pin To Net: NetName=+VCC Pin=C6-1
Added Pin To Net: NetName=+VCC Pin=C7-1
Added Pin To Net: NetName=+VCC Pin=C8-1
Added Pin To Net: NetName=+VCC Pin=Fuse1-2
Added Pin To Net: NetName=+VCC Pin=R1-1
Added Pin To Net: NetName=+VCC Pin=R4-1
Added Pin To Net: NetName=+VCC Pin=TP8-1
Added Pin To Net: NetName=+VCC Pin=U1-7
Added Net: Name=+VCC
Added Rule: Name=Schematic Supply Nets
Added Rule: Name=Schematic Supply Nets_5
Added Rule: Name=Schematic Supply Nets_8
Added Rule: Name=Schematic Supply Nets_9
Added Rule: Name=Schematic Supply Nets_10
