Change Component Footprint: Designator=R76 Old Footprint=RES - 2512 New Footprint=RES - 0603
Change Component Footprint: Designator=R79 Old Footprint=RES - 2512 New Footprint=RES - 0603
Change Component Footprint: Designator=R82 Old Footprint=RES - 2512 New Footprint=RES - 0603
Change Component Footprint: Designator=R83 Old Footprint=RES - 2512 New Footprint=RES - 0603
Change Component Comment : Designator=R7 Old Comment=330/1% New Comment=330R/1%
Change Component Designator: OldDesignator=C56 NewDesignator=C57
Change Component Designator: OldDesignator=C57 NewDesignator=C56
Change Component Designator: OldDesignator=LED1 NewDesignator=LED2
Change Component Designator: OldDesignator=LED2 NewDesignator=LED3
Change Component Designator: OldDesignator=LED3 NewDesignator=LED1
Change Component Designator: OldDesignator=LED12 NewDesignator=LED13
Change Component Designator: OldDesignator=LED13 NewDesignator=LED12
Change Component Designator: OldDesignator=R1 NewDesignator=R2
Change Component Designator: OldDesignator=R2 NewDesignator=R3
Change Component Designator: OldDesignator=R3 NewDesignator=R1
Change Component Designator: OldDesignator=R61 NewDesignator=R62
Change Component Designator: OldDesignator=R62 NewDesignator=R61
Added Component: Designator=U15(ESP32-S3-WROOM-1U-N8R2)
Added Component: Designator=X1(crystal - 3.2 x 2.5 mm)
Add component (AddParameter): Name = "Supplier 1"; Value = "Avnet"; VariantName = "[No Variations]"
Add component (AddParameter): Name = "Supplier Part Number 1"; Value = "ECS-80-8-33Q-ADS"; VariantName = "[No Variations]"
Added Pin To Net: NetName=+3.3V Pin=R72-1
Added Pin To Net: NetName=NetC49_2 Pin=R72-2
Added Pin To Net: NetName=+3.3V Pin=R81-1
Added Pin To Net: NetName=DEBUG_FLASH Pin=R81-2
Add Pin To Net: Unknown Pin: Pin U2-9
Added Pin To Net: NetName=GND Pin=U15-1
Added Pin To Net: NetName=+3.3V Pin=U15-2
Added Pin To Net: NetName=DEBUG_EN Pin=U15-3
Added Pin To Net: NetName=EN2_RS485 Pin=U15-4
Added Pin To Net: NetName=TX2_RS485 Pin=U15-5
Added Pin To Net: NetName=RX2_RS485 Pin=U15-6
Added Pin To Net: NetName=EN1_RS485 Pin=U15-9
Added Pin To Net: NetName=TX1_RS485 Pin=U15-10
Added Pin To Net: NetName=RX1_RS485 Pin=U15-11
Added Pin To Net: NetName=RST_BUTTON Pin=U15-12
Added Pin To Net: NetName=NetC44_2 Pin=U15-14
Added Pin To Net: NetName=NetR10_1 Pin=U15-18
Added Pin To Net: NetName=NetR12_2 Pin=U15-19
Added Pin To Net: NetName=NetR14_2 Pin=U15-20
Added Pin To Net: NetName=NetR13_2 Pin=U15-21
Added Pin To Net: NetName=NetR11_1 Pin=U15-22
Added Pin To Net: NetName=NetC45_2 Pin=U15-23
Added Pin To Net: NetName=NetLCD1_13 Pin=U15-24
Added Pin To Net: NetName=NetLCD1_14 Pin=U15-25
Added Pin To Net: NetName=DEBUG_FLASH Pin=U15-27
Added Pin To Net: NetName=NetC49_2 Pin=U15-28
Added Pin To Net: NetName=NetQ3_2 Pin=U15-29
Added Pin To Net: NetName=NetQ4_2 Pin=U15-30
Added Pin To Net: NetName=NetQ5_2 Pin=U15-31
Added Pin To Net: NetName=NetLCD1_4 Pin=U15-32
Added Pin To Net: NetName=NetLCD1_6 Pin=U15-33
Added Pin To Net: NetName=NetLCD1_11 Pin=U15-34
Added Pin To Net: NetName=NetLCD1_12 Pin=U15-35
Added Pin To Net: NetName=DEBUG_TXD0 Pin=U15-36
Added Pin To Net: NetName=DEBUG_RXD0 Pin=U15-37
Added Pin To Net: NetName=3V3_SDA Pin=U15-38
Added Pin To Net: NetName=3V3_SCL Pin=U15-39
Added Pin To Net: NetName=GND Pin=U15-40
Added Pin To Net: NetName=GND Pin=U15-41_1
Added Pin To Net: NetName=GND Pin=U15-41_2
Added Pin To Net: NetName=GND Pin=U15-41_3
Added Pin To Net: NetName=GND Pin=U15-41_4
Added Pin To Net: NetName=GND Pin=U15-41_5
Added Pin To Net: NetName=GND Pin=U15-41_6
Added Pin To Net: NetName=GND Pin=U15-41_7
Added Pin To Net: NetName=GND Pin=U15-41_8
Added Pin To Net: NetName=GND Pin=U15-41_9
Add Pin To Net: Unknown Pin: Pin USB1-A9
Add Pin To Net: Unknown Pin: Pin USB1-A12
Add Pin To Net: Unknown Pin: Pin USB1-B9
Add Pin To Net: Unknown Pin: Pin USB1-B12
Added Pin To Net: NetName=XO Pin=X1-1
Added Pin To Net: NetName=GND Pin=X1-2
Added Pin To Net: NetName=NetC29_2 Pin=X1-3
Added Pin To Net: NetName=GND Pin=X1-4
Change Net Name : Old Net Name=NetC56_2 New Net Name=NetC57_2
Change Net Name : Old Net Name=NetLED1_1 New Net Name=NetLED2_1
Change Net Name : Old Net Name=NetLED2_1 New Net Name=NetLED3_1
Change Net Name : Old Net Name=NetLED3_1 New Net Name=NetLED1_1
Change Net Name : Old Net Name=NetLED12_1 New Net Name=NetLED13_1
Change Net Name : Old Net Name=NetLED13_1 New Net Name=NetLED12_1
Added Member To Class: ClassName=MCU Member=Component U15 ESP32-S3-WROOM-1U-N8R2
Added Member To Class: ClassName=Ethernet Member=Component X1 CRYSTAL 8MHz
