Removed Pin From Net: NetName=GND Pin=C41-1
Removed Pin From Net: NetName=+3.3V Pin=Q1-1
Removed Pin From Net: NetName=3V3_SCL Pin=Q1-2
Removed Pin From Net: NetName=+3.3V Pin=Q2-1
Removed Pin From Net: NetName=3V3_SDA Pin=Q2-2
Removed Pin From Net: NetName=+3.3V Pin=Q3-1
Removed Pin From Net: NetName=ENC_SW Pin=Q3-3
Removed Pin From Net: NetName=+3.3V Pin=Q4-1
Removed Pin From Net: NetName=ENC_CLK Pin=Q4-3
Removed Pin From Net: NetName=+3.3V Pin=Q5-1
Removed Pin From Net: NetName=ENC_DATA Pin=Q5-3
Removed Pin From Net: NetName=3V3_SDA Pin=R57-1
Removed Pin From Net: NetName=+3.3V Pin=R57-2
Removed Pin From Net: NetName=3V3_SCL Pin=R58-1
Removed Pin From Net: NetName=+3.3V Pin=R58-2
Removed Pin From Net: NetName=+5V Pin=R59-2
Removed Pin From Net: NetName=+5V Pin=R60-2
Removed Pin From Net: NetName=+3.3V Pin=R67-2
Removed Pin From Net: NetName=+5V Pin=R68-2
Removed Pin From Net: NetName=+5V Pin=R69-2
Removed Pin From Net: NetName=+5V Pin=R70-2
Removed Pin From Net: NetName=+3.3V Pin=R71-2
Removed Pin From Net: NetName=+3.3V Pin=R73-2
Removed Pin From Net: NetName=GND Pin=SW4-1
Removed Pin From Net: NetName=+5V Pin=U13-8
Removed Member From Class: ClassName=RTC_and_EEPROM Member=C41
Removed Member From Class: ClassName=RTC_and_EEPROM Member=Q1
Removed Member From Class: ClassName=RTC_and_EEPROM Member=Q2
Removed Member From Class: ClassName=User_Interface Member=Q3
Removed Member From Class: ClassName=User_Interface Member=Q4
Removed Member From Class: ClassName=User_Interface Member=Q5
Removed Member From Class: ClassName=RTC_and_EEPROM Member=R57
Removed Member From Class: ClassName=RTC_and_EEPROM Member=R58
Removed Member From Class: ClassName=User_Interface Member=R67
Removed Member From Class: ClassName=User_Interface Member=R71
Removed Member From Class: ClassName=User_Interface Member=R73
Removed Member From Class: ClassName=RTC_and_EEPROM Member=SW4
Change Component Description : Designator=Fuse1 Old Description=Nano2 SMD FF submin fuse w/holder, 4A New Description=Nano2 SMD FF submin fuse w/holder, 4A | Littelfuse 0154004.DR
Change Component Description : Designator=D3 Old Description=TVS Diode, SM712 Series, 31V Clamp, 600W Peak Pulse, Surface Mount, SOT23-3 New Description=TVS Diode, SM712 Series, 31V Clamp, 600W Peak Pulse, Surface Mount, SOT23-3 | Littelfuse SM712-02HTG
Change Component Description : Designator=D4 Old Description=TVS Diode, SM712 Series, 31V Clamp, 600W Peak Pulse, Surface Mount, SOT23-3 New Description=TVS Diode, SM712 Series, 31V Clamp, 600W Peak Pulse, Surface Mount, SOT23-3 | Littelfuse SM712-02HTG
Added Pin To Net: NetName=3V3_SCL Pin=R59-1
Added Pin To Net: NetName=+3.3V Pin=R59-2
Added Pin To Net: NetName=3V3_SDA Pin=R60-1
Added Pin To Net: NetName=+3.3V Pin=R60-2
Added Pin To Net: NetName=+3.3V Pin=R68-2
Added Pin To Net: NetName=+3.3V Pin=R69-2
Added Pin To Net: NetName=+3.3V Pin=R70-2
Added Pin To Net: NetName=3V3_SDA Pin=U13-5
Added Pin To Net: NetName=3V3_SCL Pin=U13-6
Added Pin To Net: NetName=+3.3V Pin=U13-8
Added Pin To Net: NetName=ENC_SW Pin=U15-29
Added Pin To Net: NetName=ENC_DATA Pin=U15-30
Added Pin To Net: NetName=ENC_CLK Pin=U15-31
