Added Component: Designator=LCD1(LCD-16x4A-2-Holes)
Added Pin To Net: NetName=VSS Pin=LCD1-1
Added Pin To Net: NetName=VSS Pin=LCD1-1
Added Pin To Net: NetName=VSS Pin=LCD1-1
Added Pin To Net: NetName=VDD Pin=LCD1-2
Added Pin To Net: NetName=Vo Pin=LCD1-3
Added Pin To Net: NetName=NetLCD1_4 Pin=LCD1-4
Added Pin To Net: NetName=VSS Pin=LCD1-5
Added Pin To Net: NetName=NetLCD1_6 Pin=LCD1-6
Added Pin To Net: NetName=NetLCD1_11 Pin=LCD1-11
Added Pin To Net: NetName=NetLCD1_12 Pin=LCD1-12
Added Pin To Net: NetName=NetLCD1_13 Pin=LCD1-13
Added Pin To Net: NetName=NetLCD1_14 Pin=LCD1-14
Added Pin To Net: NetName=VDD Pin=LCD1-15
Added Pin To Net: NetName=VSS Pin=LCD1-16
Add Pin To Net: Unknown Pin: Pin U2-9
Add Pin To Net: Unknown Pin: Pin USB1-A9
Add Pin To Net: Unknown Pin: Pin USB1-A12
Add Pin To Net: Unknown Pin: Pin USB1-B9
Add Pin To Net: Unknown Pin: Pin USB1-B12
Change Net Name : Old Net Name=VDD New Net Name=+5V
Change Net Name : Old Net Name=VSS New Net Name=GND
Added Member To Class: ClassName=User_Interface Member=Component LCD1 LCD 16x4A
Added Rule: Name=Schematic Supply Nets_5
Added Rule: Name=Schematic Supply Nets_8
