\BOOKMARK [0][-]{chapter.1}{\376\377\000G\000i\036\333\000i\000\040\000t\000h\000i\036\307\000u}{}% 1
\BOOKMARK [1][-]{section.1.1}{\376\377\000T\036\325\000n\000g\000\040\000q\000u\000a\000n\000\040\000v\036\301\000\040\001\021\036\301\000\040\000t\000\340\000i}{chapter.1}% 2
\BOOKMARK [1][-]{section.1.2}{\376\377\000T\000\354\000n\000h\000\040\000h\000\354\000n\000h\000\040\000n\000g\000h\000i\000\352\000n\000\040\000c\036\351\000u\000\040\000t\000r\000o\000n\000g\000\040\000v\000\340\000\040\000n\000g\000o\000\340\000i\000\040\000n\001\260\036\333\000c}{chapter.1}% 3
\BOOKMARK [1][-]{section.1.3}{\376\377\000N\000h\000i\036\307\000m\000\040\000v\036\345\000\040\001\021\036\301\000\040\000t\000\340\000i}{chapter.1}% 4
\BOOKMARK [0][-]{chapter.2}{\376\377\000C\001\241\000\040\000s\036\337\000\040\000l\000\375\000\040\000t\000h\000u\000y\036\277\000t}{}% 5
\BOOKMARK [1][-]{section.2.1}{\376\377\000T\000\354\000m\000\040\000h\000i\036\303\000u\000\040\000v\036\301\000\040\000l\000\375\000\040\000t\000h\000u\000y\036\277\000t\000\040\000v\036\301\000\040\000g\000i\000a\000o\000\040\000t\000h\036\351\000c\000\040\000M\000o\000d\000b\000u\000s}{chapter.2}% 6
\BOOKMARK [2][-]{subsection.2.1.1}{\376\377\000K\000h\000\341\000i\000\040\000q\000u\000\341\000t\000\040\000v\036\301\000\040\000g\000i\000a\000o\000\040\000t\000h\036\351\000c\000\040\000M\000o\000d\000b\000u\000s}{section.2.1}% 7
\BOOKMARK [2][-]{subsection.2.1.2}{\376\377\000T\000\354\000m\000\040\000h\000i\036\303\000u\000\040\000l\000\375\000\040\000t\000h\000u\000y\036\277\000t\000\040\000v\036\301\000\040\000g\000i\000a\000o\000\040\000t\000h\036\351\000c\000\040\000M\000o\000d\000b\000u\000s\000\040\000R\000T\000U}{section.2.1}% 8
\BOOKMARK [3][-]{subsubsection.2.1.2.1}{\376\377\000T\036\325\000n\000g\000\040\000q\000u\000a\000n\000\040\000v\036\301\000\040\000g\000i\000a\000o\000\040\000t\000h\036\351\000c\000\040\000M\000o\000d\000b\000u\000s\000\040\000R\000T\000U}{subsection.2.1.2}% 9
\BOOKMARK [3][-]{subsubsection.2.1.2.2}{\376\377\000T\000\354\000m\000\040\000h\000i\036\303\000u\000\040\000k\000h\000u\000n\000g\000\040\000t\000r\000u\000y\036\301\000n\000\040\000d\036\357\000\040\000l\000i\036\307\000u\000\040\000M\000o\000d\000b\000u\000s\000\040\000R\000T\000U}{subsection.2.1.2}% 10
\BOOKMARK [2][-]{subsection.2.1.3}{\376\377\000T\000\354\000m\000\040\000h\000i\036\303\000u\000\040\000F\000u\000n\000c\000t\000i\000o\000n\000\040\000C\000o\000d\000e\000s\000\040\000t\000r\000o\000n\000g\000\040\000g\000i\000a\000o\000\040\000t\000h\036\351\000c\000\040\000M\000o\000d\000b\000u\000s}{section.2.1}% 11
\BOOKMARK [1][-]{section.2.2}{\376\377\000T\000\354\000m\000\040\000h\000i\036\303\000u\000\040\000v\036\301\000\040\000g\000i\000a\000o\000\040\000t\000h\036\351\000c\000\040\000E\000t\000h\000e\000r\000n\000e\000t}{chapter.2}% 12
\BOOKMARK [2][-]{subsection.2.2.1}{\376\377\000K\000h\000\341\000i\000\040\000q\000u\000\341\000t\000\040\000v\000\340\000\040\000c\000\341\000c\000\040\001\021\036\267\000c\000\040\000c\036\347\000a\000\040\000g\000i\000a\000o\000\040\000t\000h\036\351\000c\000\040\000E\000t\000h\000e\000r\000n\000e\000t}{section.2.2}% 13
\BOOKMARK [2][-]{subsection.2.2.2}{\376\377\000T\000\354\000m\000\040\000h\000i\036\303\000u\000\040\000v\036\301\000\040\000c\036\245\000u\000\040\000t\000r\000\372\000c\000\040\000g\000\363\000i\000\040\000t\000i\000n\000\040\000E\000t\000h\000e\000r\000n\000e\000t}{section.2.2}% 14
\BOOKMARK [2][-]{subsection.2.2.3}{\376\377\000C\000\341\000c\000h\000\040\000t\000h\036\351\000c\000\040\001\021\000\363\000n\000g\000\040\000g\000\363\000i\000\040\000g\000\363\000i\000\040\000t\000i\000n\000\040\000E\000t\000h\000e\000r\000n\000e\000t\000\040\000t\000h\000e\000o\000\040\000m\000\364\000\040\000h\000\354\000n\000h\000\040\000O\000S\000I}{section.2.2}% 15
\BOOKMARK [3][-]{subsubsection.2.2.3.1}{\376\377\000T\000\354\000m\000\040\000h\000i\036\303\000u\000\040\000v\036\301\000\040\000m\000\364\000\040\000h\000\354\000n\000h\000\040\000O\000S\000I}{subsection.2.2.3}% 16
\BOOKMARK [3][-]{subsubsection.2.2.3.2}{\376\377\000C\000\341\000c\000h\000\040\000t\000h\036\351\000c\000\040\001\021\000\363\000n\000g\000\040\000g\000\363\000i\000\040\000t\000i\000n\000\040\000E\000t\000h\000e\000r\000n\000e\000t}{subsection.2.2.3}% 17
\BOOKMARK [1][-]{section.2.3}{\376\377\000T\000\354\000m\000\040\000h\000i\036\303\000u\000\040\000v\036\301\000\040\000g\000i\000a\000o\000\040\000t\000h\036\351\000c\000\040\000t\000r\000u\000y\036\301\000n\000\040\000t\000h\000\364\000n\000g\000\040\000M\000Q\000T\000T}{chapter.2}% 18
\BOOKMARK [1][-]{section.2.4}{\376\377\000T\000\354\000m\000\040\000h\000i\036\303\000u\000\040\000v\036\301\000\040\000g\000i\000a\000o\000\040\000t\000h\036\351\000c\000\040\000B\000l\000u\000e\000t\000o\000o\000t\000h\000\040\000L\000o\000w\000\040\000E\000n\000e\000r\000g\000y\000\040\000\050\000B\000L\000E\000\051}{chapter.2}% 19
\BOOKMARK [1][-]{section.2.5}{\376\377\000T\000\354\000m\000\040\000h\000i\036\303\000u\000\040\000v\036\301\000\040\000c\000\341\000c\000\040\000k\000i\036\277\000n\000\040\000t\000h\036\351\000c\000\040\000l\000i\000\352\000n\000\040\000q\000u\000a\000n\000\040\000t\036\333\000i\000\040\000t\000r\000a\000n\000g\000\040\000w\000e\000b}{chapter.2}% 20
\BOOKMARK [1][-]{section.2.6}{\376\377\000K\000h\000\341\000i\000\040\000n\000i\036\307\000m\000\040\000v\036\301\000\040\000A\000P\000I\000\040\000R\000E\000S\000T\000f\000u\000l\000\040\000v\000\340\000\040\000A\000P\000I\000\040\000W\000e\000b\000s\000o\000c\000k\000e\000t}{chapter.2}% 21
\BOOKMARK [2][-]{subsection.2.6.1}{\376\377\000K\000h\000\341\000i\000\040\000n\000i\036\307\000m\000\040\000v\000\340\000\040\001\021\036\267\000c\000\040\001\021\000i\036\303\000m\000\040\000v\036\301\000\040\000A\000P\000I\000\040\000R\000E\000S\000T\000f\000u\000l}{section.2.6}% 22
\BOOKMARK [2][-]{subsection.2.6.2}{\376\377\000K\000h\000\341\000i\000\040\000n\000i\036\307\000m\000\040\000v\000\340\000\040\001\021\036\267\000c\000\040\001\021\000i\036\303\000m\000\040\000v\036\301\000\040\000A\000P\000I\000\040\000W\000e\000b\000s\000o\000c\000k\000e\000t}{section.2.6}% 23
\BOOKMARK [0][-]{chapter.3}{\376\377\000T\000h\000i\036\277\000t\000\040\000k\036\277\000\040\000v\000\340\000\040\000t\000h\036\361\000c\000\040\000h\000i\036\307\000n\000\040\000p\000h\036\247\000n\000\040\000c\036\351\000n\000g}{}% 24
\BOOKMARK [1][-]{section.3.1}{\376\377\000T\000h\000i\036\277\000t\000\040\000k\036\277\000\040\000h\036\307\000\040\000t\000h\036\321\000n\000g}{chapter.3}% 25
\BOOKMARK [2][-]{subsection.3.1.1}{\376\377\000T\036\325\000n\000g\000\040\000q\000u\000a\000n\000\040\000k\000i\036\277\000n\000\040\000t\000r\000\372\000c\000\040\000h\036\307\000\040\000t\000h\036\321\000n\000g}{section.3.1}% 26
\BOOKMARK [2][-]{subsection.3.1.2}{\376\377\000C\000\341\000c\000\040\000k\000h\036\321\000i\000\040\000c\000h\036\351\000c\000\040\000n\001\003\000n\000g\000\040\000c\000h\000\355\000n\000h\000\040\000c\036\347\000a\000\040\000t\000r\000o\000n\000g\000\040\000h\036\307\000\040\000t\000h\036\321\000n\000g}{section.3.1}% 27
\BOOKMARK [2][-]{subsection.3.1.3}{\376\377\000C\000h\000i\000\040\000t\000i\036\277\000t\000\040\000t\000h\000i\036\277\000t\000\040\000k\036\277\000\040\000p\000h\036\247\000n\000\040\000c\036\351\000n\000g}{section.3.1}% 28
\BOOKMARK [3][-]{subsubsection.3.1.3.1}{\376\377\000T\000h\000i\036\277\000t\000\040\000k\036\277\000\040\000k\000h\036\321\000i\000\040\000v\000i\000\040\001\021\000i\036\301\000u\000\040\000k\000h\000i\036\303\000n}{subsection.3.1.3}% 29
\BOOKMARK [3][-]{subsubsection.3.1.3.2}{\376\377\000T\000h\000i\036\277\000t\000\040\000k\036\277\000\040\000k\000h\036\321\000i\000\040\000n\000g\000u\036\323\000n}{subsection.3.1.3}% 30
\BOOKMARK [3][-]{subsubsection.3.1.3.3}{\376\377\000T\000h\000i\036\277\000t\000\040\000k\036\277\000\040\000k\000h\036\321\000i\000\040\000E\000t\000h\000e\000r\000n\000e\000t}{subsection.3.1.3}% 31
\BOOKMARK [3][-]{subsubsection.3.1.3.4}{\376\377\000T\000h\000i\036\277\000t\000\040\000k\036\277\000\040\000k\000h\036\321\000i\000\040\000g\000i\000a\000o\000\040\000t\000i\036\277\000p\000\040\000R\000S\0004\0008\0005}{subsection.3.1.3}% 32
\BOOKMARK [3][-]{subsubsection.3.1.3.5}{\376\377\000T\000h\000i\036\277\000t\000\040\000k\036\277\000\040\000k\000h\036\321\000i\000\040\000E\000E\000P\000R\000O\000M\000\040\000v\000\340\000\040\000R\000T\000C}{subsection.3.1.3}% 33
\BOOKMARK [3][-]{subsubsection.3.1.3.6}{\376\377\000T\000h\000i\036\277\000t\000\040\000k\036\277\000\040\000k\000h\036\321\000i\000\040\000g\000i\000a\000o\000\040\000t\000i\036\277\000p\000\040\000v\036\333\000i\000\040\000n\000g\001\260\036\335\000i\000\040\000d\000\371\000n\000g}{subsection.3.1.3}% 34
\BOOKMARK [0][-]{chapter.4}{\376\377\000T\000h\000i\036\277\000t\000\040\000k\036\277\000\040\000v\000\340\000\040\000t\000h\036\361\000c\000\040\000h\000i\036\307\000n\000\040\000p\000h\036\247\000n\000\040\000m\036\301\000m}{}% 35
\BOOKMARK [1][-]{section.4.1}{\376\377\000T\000h\000i\036\277\000t\000\040\000k\036\277\000\040\000p\000h\036\247\000n\000\040\000m\036\301\000m\000\040\000c\000h\000o\000\040\000t\000h\000i\036\277\000t\000\040\000b\036\313\000\040\000t\000h\000u\000\040\000t\000h\036\255\000p\000\040\000d\036\357\000\040\000l\000i\036\307\000u}{chapter.4}% 36
\BOOKMARK [2][-]{subsection.4.1.1}{\376\377\000Y\000\352\000u\000\040\000c\036\247\000u\000\040\001\021\036\267\000t\000\040\000r\000a\000\040\000c\000h\000o\000\040\000p\000h\036\247\000n\000\040\000m\036\301\000m}{section.4.1}% 37
\BOOKMARK [2][-]{subsection.4.1.2}{\376\377\000P\000h\001\260\001\241\000n\000g\000\040\000p\000h\000\341\000p\000\040\000t\000h\036\361\000c\000\040\000h\000i\036\307\000n\000\040\000c\000h\001\260\001\241\000n\000g\000\040\000t\000r\000\354\000n\000h}{section.4.1}% 38
\BOOKMARK [2][-]{subsection.4.1.3}{\376\377\000L\001\260\000u\000\040\001\021\036\323\000\040\000g\000i\036\243\000i\000\040\000t\000h\000u\036\255\000t\000\040\000c\000h\001\260\001\241\000n\000g\000\040\000t\000r\000\354\000n\000h}{section.4.1}% 39
\BOOKMARK [3][-]{subsubsection.4.1.3.1}{\376\377\000K\000i\036\277\000n\000\040\000t\000r\000\372\000c\000\040\000t\036\325\000n\000g\000\040\000q\000u\000\341\000t\000\040\000v\036\301\000\040\000t\036\325\000\040\000c\000h\036\351\000c\000\040\000p\000h\036\247\000n\000\040\000m\036\301\000m}{subsection.4.1.3}% 40
\BOOKMARK [3][-]{subsubsection.4.1.3.2}{\376\377\000L\001\260\000u\000\040\001\021\036\323\000\040\000g\000i\036\243\000i\000\040\000t\000h\000u\036\255\000t\000\040\000t\036\325\000n\000g\000\040\000q\000u\000\341\000t}{subsection.4.1.3}% 41
\BOOKMARK [2][-]{subsection.4.1.4}{\376\377\000L\001\260\000u\000\040\001\021\036\323\000\040\000g\000i\036\243\000i\000\040\000t\000h\000u\036\255\000t\000\040\000c\000h\000i\000\040\000t\000i\036\277\000t}{section.4.1}% 42
\BOOKMARK [1][-]{section.4.2}{\376\377\000T\000h\000i\036\277\000t\000\040\000k\036\277\000\040\000p\000h\036\247\000n\000\040\000m\036\301\000m\000\040\000A\000p\000p\000\040\000n\000h\036\255\000p\000\040\000d\036\357\000\040\000l\000i\036\307\000u}{chapter.4}% 43
\BOOKMARK [2][-]{subsection.4.2.1}{\376\377\000T\000h\000i\036\277\000t\000\040\000k\036\277\000\040\000p\000h\036\247\000n\000\040\000m\036\301\000m}{section.4.2}% 44
\BOOKMARK [1][-]{section.4.3}{\376\377\000P\000h\000\341\000t\000\040\000t\000r\000i\036\303\000n\000\040\000g\000i\000a\000o\000\040\000d\000i\036\307\000n\000\040\000D\000a\000s\000h\000b\000o\000a\000r\000d\000\040\000t\000h\000e\000o\000\040\000d\000\365\000i\000\040\000d\036\357\000\040\000l\000i\036\307\000u}{chapter.4}% 45
\BOOKMARK [2][-]{subsection.4.3.1}{\376\377\000T\000h\000i\036\277\000t\000\040\000k\036\277\000\040\000p\000h\036\247\000n\000\040\000m\036\301\000m}{section.4.3}% 46
\BOOKMARK [0][-]{chapter.5}{\376\377\000K\036\277\000t\000\040\000q\000u\036\243\000\040\000t\000h\000u\000\040\001\021\001\260\036\343\000c}{}% 47
\BOOKMARK [1][-]{section.5.1}{\376\377\000K\036\277\000t\000\040\000q\000u\036\243\000\040\000t\000h\036\361\000c\000\040\000h\000i\036\307\000n\000\040\000p\000h\036\247\000n\000\040\000c\036\351\000n\000g\000\040\000t\000h\036\361\000c\000\040\000t\036\277}{chapter.5}% 48
\BOOKMARK [2][-]{subsection.5.1.1}{\376\377\000K\036\277\000t\000\040\000q\000u\036\243\000\040\000t\000h\000i\036\277\000t\000\040\000k\036\277\000\040\000p\000h\036\247\000n\000\040\000c\036\351\000n\000g\000\040\000t\000r\000\352\000n\000\040\000p\000h\036\247\000n\000\040\000m\036\301\000m}{section.5.1}% 49
\BOOKMARK [2][-]{subsection.5.1.2}{\376\377\000T\000h\036\361\000c\000\040\000h\000i\036\307\000n\000\040\000t\000h\000i\000\040\000c\000\364\000n\000g\000\040\000m\036\241\000c\000h\000\040\000t\000h\036\361\000c\000\040\000t\036\277}{section.5.1}% 50
\BOOKMARK [1][-]{section.5.2}{\376\377\000K\036\277\000t\000\040\000q\000u\036\243\000\040\000p\000h\036\247\000n\000\040\000m\036\301\000m\000\040\000A\000p\000p\000\040\000n\000h\036\255\000p\000\040\000d\036\357\000\040\000l\000i\036\307\000u}{chapter.5}% 51
\BOOKMARK [1][-]{section.5.3}{\376\377\000K\036\277\000t\000\040\000q\000u\036\243\000\040\000p\000h\000\341\000t\000\040\000t\000r\000i\036\303\000n\000\040\000g\000i\000a\000o\000\040\000d\000i\036\307\000n\000\040\000D\000a\000s\000h\000b\000o\000a\000r\000d}{chapter.5}% 52
\BOOKMARK [0][-]{chapter.6}{\376\377\000K\036\277\000t\000\040\000l\000u\036\255\000n\000\040\000v\000\340\000\040\000h\001\260\036\333\000n\000g\000\040\000p\000h\000\341\000t\000\040\000t\000r\000i\036\303\000n}{}% 53
\BOOKMARK [1][-]{section.6.1}{\376\377\000K\036\277\000t\000\040\000l\000u\036\255\000n}{chapter.6}% 54
\BOOKMARK [1][-]{section.6.2}{\376\377\000H\001\260\036\333\000n\000g\000\040\000p\000h\000\341\000t\000\040\000t\000r\000i\036\303\000n}{chapter.6}% 55
