Removed Pin From Net: NetName=3V3_SCL Pin=C41-2
Removed Pin From Net: NetName=3V3_SCL Pin=SW4-2
Removed Pin From Net: NetName=3V3_SCL Pin=U14-4
Removed Pin From Net: NetName=3V3_SCL Pin=U15-12
Added Pin To Net: NetName=+5V Pin=C6-1
Added Pin To Net: NetName=+5V Pin=C7-1
Added Pin To Net: NetName=+5V Pin=C8-1
Added Pin To Net: NetName=+5V Pin=Fuse1-2
Added Pin To Net: NetName=+5V Pin=R1-1
Added Pin To Net: NetName=+5V Pin=R4-1
Added Pin To Net: NetName=+5V Pin=TP8-1
Added Pin To Net: NetName=+5V Pin=U1-7
Change Net Name : Old Net Name=+3.3V New Net Name=FB
Change Net Name : Old Net Name=+5V New Net Name=Vin
Change Net Name : Old Net Name=+5V_RS485 New Net Name=VOUT_PRI
Change Net Name : Old Net Name=GND New Net Name=En
Change Net Name : Old Net Name=NetC24_2 New Net Name=1V2O
Change Net Name : Old Net Name=NetC25_2 New Net Name=TOCAP
Change Net Name : Old Net Name=NetC26_2 New Net Name=P5
Change Net Name : Old Net Name=NetC27_2 New Net Name=P4
Change Net Name : Old Net Name=NetCOM1_1 New Net Name=TD+
Change Net Name : Old Net Name=NetCOM1_2 New Net Name=TD-
Change Net Name : Old Net Name=NetCOM1_3 New Net Name=RD+
Change Net Name : Old Net Name=NetCOM1_6 New Net Name=RD-
Change Net Name : Old Net Name=NetCOM1_9 New Net Name=GreenLED
Change Net Name : Old Net Name=NetCOM1_12 New Net Name=YellowLED
Change Net Name : Old Net Name=NetD1_2 New Net Name=SW
Change Net Name : Old Net Name=NetR10_1 New Net Name=SCSN
Change Net Name : Old Net Name=NetR11_1 New Net Name=INTN
Change Net Name : Old Net Name=NetR12_1 New Net Name=MOSI
Change Net Name : Old Net Name=NetR13_1 New Net Name=MISO
Change Net Name : Old Net Name=NetR14_1 New Net Name=SCLK
Added Pin To Net: NetName=RST_BUTTON Pin=C41-2
Added Pin To Net: NetName=RST_BUTTON Pin=SW4-2
Added Pin To Net: NetName=RST_BUTTON Pin=U14-4
Added Pin To Net: NetName=RST_BUTTON Pin=U15-12
Added Net: Name=RST_BUTTON
Added Rule: Name=Schematic Supply Nets_3
Added Rule: Name=Schematic Supply Nets_11
Added Rule: Name=Schematic Supply Nets_12
Added Rule: Name=Schematic Supply Nets_13
